Archive member included to satisfy reference by file (symbol)

/Applications/microchip/xc8/v2.10/avr/bin/../lib/gcc/avr/5.4.0/avrxmega3/libgcc.a(_udivmodhi4.o)
                              build/AWS_IOT/production/mcc_generated_files/CryptoAuthenticationLibrary/atcacert/atcacert_def.o (__udivmodhi4)
/Applications/microchip/xc8/v2.10/avr/bin/../lib/gcc/avr/5.4.0/avrxmega3/libgcc.a(_divmodhi4.o)
                              build/AWS_IOT/production/mcc_generated_files/CryptoAuthenticationLibrary/atcacert/atcacert_date.o (__divmodhi4)
/Applications/microchip/xc8/v2.10/avr/bin/../lib/gcc/avr/5.4.0/avrxmega3/libgcc.a(_udivmodsi4.o)
                              build/AWS_IOT/production/mcc_generated_files/CryptoAuthenticationLibrary/atcacert/atcacert_date.o (__udivmodsi4)
/Applications/microchip/xc8/v2.10/avr/bin/../lib/gcc/avr/5.4.0/avrxmega3/libgcc.a(_exit.o)
                              /Applications/microchip/mplabx/v5.30/packs/Microchip/ATmega_DFP/2.0.12/gcc/dev/atmega4808/avrxmega3/crtatmega4808.o (exit)
/Applications/microchip/xc8/v2.10/avr/bin/../lib/gcc/avr/5.4.0/avrxmega3/libgcc.a(_tablejump2.o)
                              build/AWS_IOT/production/mcc_generated_files/CryptoAuthenticationLibrary/atcacert/atcacert_def.o (__tablejump2__)
/Applications/microchip/xc8/v2.10/avr/bin/../lib/gcc/avr/5.4.0/avrxmega3/libgcc.a(_copy_data.o)
                              build/AWS_IOT/production/mcc_generated_files/cli/cli.o (__do_copy_data)
/Applications/microchip/xc8/v2.10/avr/bin/../lib/gcc/avr/5.4.0/avrxmega3/libgcc.a(_umulhisi3.o)
                              build/AWS_IOT/production/mcc_generated_files/CryptoAuthenticationLibrary/basic/atca_helpers.o (__umulhisi3)
/Applications/microchip/xc8/v2.10/avr/bin/../lib/gcc/avr/5.4.0/avrxmega3/libgcc.a(_usmulhisi3.o)
                              build/AWS_IOT/production/mcc_generated_files/CryptoAuthenticationLibrary/atcacert/atcacert_date.o (__usmulhisi3)
/Applications/microchip/xc8/v2.10/avr/bin/../lib/gcc/avr/5.4.0/avrxmega3/libgcc.a(_muluhisi3.o)
                              build/AWS_IOT/production/mcc_generated_files/CryptoAuthenticationLibrary/atcacert/atcacert_date.o (__muluhisi3)
/Applications/microchip/xc8/v2.10/avr/bin/../lib/gcc/avr/5.4.0/avrxmega3/libgcc.a(_mulshisi3.o)
                              build/AWS_IOT/production/mcc_generated_files/CryptoAuthenticationLibrary/atcacert/atcacert_date.o (__mulshisi3)
/Applications/microchip/xc8/v2.10/avr/bin/../lib/gcc/avr/5.4.0/../../../../avr/lib/avrxmega3/libc.a(atoi_M.o)
                              build/AWS_IOT/production/mcc_generated_files/cli/cli.o (atoi)
/Applications/microchip/xc8/v2.10/avr/bin/../lib/gcc/avr/5.4.0/../../../../avr/lib/avrxmega3/libc.a(atol.o)
                              /Applications/microchip/xc8/v2.10/avr/bin/../lib/gcc/avr/5.4.0/../../../../avr/lib/avrxmega3/libc.a(atoi_M.o) (atol)
/Applications/microchip/xc8/v2.10/avr/bin/../lib/gcc/avr/5.4.0/../../../../avr/lib/avrxmega3/libc.a(tolower.o)
                              build/AWS_IOT/production/mcc_generated_files/CryptoAuthenticationLibrary/basic/atca_helpers.o (tolower)
/Applications/microchip/xc8/v2.10/avr/bin/../lib/gcc/avr/5.4.0/../../../../avr/lib/avrxmega3/libc.a(toupper.o)
                              build/AWS_IOT/production/mcc_generated_files/CryptoAuthenticationLibrary/basic/atca_helpers.o (toupper)
/Applications/microchip/xc8/v2.10/avr/bin/../lib/gcc/avr/5.4.0/../../../../avr/lib/avrxmega3/libc.a(strtok.o)
                              build/AWS_IOT/production/mcc_generated_files/cli/cli.o (strtok)
/Applications/microchip/xc8/v2.10/avr/bin/../lib/gcc/avr/5.4.0/../../../../avr/lib/avrxmega3/libc.a(memcmp.o)
                              build/AWS_IOT/production/mcc_generated_files/cloud/mqtt_service.o (memcmp)
/Applications/microchip/xc8/v2.10/avr/bin/../lib/gcc/avr/5.4.0/../../../../avr/lib/avrxmega3/libc.a(memcpy.o)
                              build/AWS_IOT/production/mcc_generated_files/CryptoAuthenticationLibrary/atcacert/atcacert_client.o (memcpy)
/Applications/microchip/xc8/v2.10/avr/bin/../lib/gcc/avr/5.4.0/../../../../avr/lib/avrxmega3/libc.a(memmove.o)
                              build/AWS_IOT/production/mcc_generated_files/CryptoAuthenticationLibrary/atcacert/atcacert_client.o (memmove)
/Applications/microchip/xc8/v2.10/avr/bin/../lib/gcc/avr/5.4.0/../../../../avr/lib/avrxmega3/libc.a(memset.o)
                              build/AWS_IOT/production/mcc_generated_files/CryptoAuthenticationLibrary/atcacert/atcacert_def.o (memset)
/Applications/microchip/xc8/v2.10/avr/bin/../lib/gcc/avr/5.4.0/../../../../avr/lib/avrxmega3/libc.a(strchr.o)
                              build/AWS_IOT/production/mcc_generated_files/cli/cli.o (strchr)
/Applications/microchip/xc8/v2.10/avr/bin/../lib/gcc/avr/5.4.0/../../../../avr/lib/avrxmega3/libc.a(strcmp.o)
                              build/AWS_IOT/production/mcc_generated_files/cli/cli.o (strcmp)
[...]
Memory Configuration

Name             Origin             Length             Attributes
text             0x0000000000000000 0x000000000000c000 xr
data             0x0000000000802800 0x0000000000001800 rw !x
eeprom           0x0000000000810000 0x0000000000000100 rw !x
fuse             0x0000000000820000 0x0000000000000009 rw !x
lock             0x0000000000830000 0x0000000000000400 rw !x
signature        0x0000000000840000 0x0000000000000400 rw !x
user_signatures  0x0000000000850000 0x0000000000000400 rw !x
*default*        0x0000000000000000 0xffffffffffffffff

Linker script and memory map

Address of section .data set to 0x802800
                0x0000000000004000                __RODATA_PM_OFFSET__ = 0x4000
LOAD /Applications/microchip/mplabx/v5.30/packs/Microchip/ATmega_DFP/2.0.12/gcc/dev/atmega4808/avrxmega3/crtatmega4808.o
                0x0000000000000001                __MPLAB_BUILD = 0x1
LOAD build/AWS_IOT/production/mcc_generated_files/cli/cli.o
LOAD build/AWS_IOT/production/mcc_generated_files/cloud/crypto_client/crypto_client.o
LOAD build/AWS_IOT/production/mcc_generated_files/cloud/cloud_service.o
LOAD build/AWS_IOT/production/mcc_generated_files/cloud/wifi_service.o
LOAD build/AWS_IOT/production/mcc_generated_files/cloud/mqtt_service.o
LOAD build/AWS_IOT/production/mcc_generated_files/cloud/aws_cloud_service.o
LOAD build/AWS_IOT/production/mcc_generated_files/credentials_storage/credentials_storage.o
LOAD build/AWS_IOT/production/mcc_generated_files/CryptoAuthenticationLibrary/atcacert/atcacert_client.o
LOAD build/AWS_IOT/production/mcc_generated_files/CryptoAuthenticationLibrary/atcacert/atcacert_date.o
LOAD build/AWS_IOT/production/mcc_generated_files/CryptoAuthenticationLibrary/atcacert/atcacert_def.o
LOAD build/AWS_IOT/production/mcc_generated_files/CryptoAuthenticationLibrary/atcacert/atcacert_der.o
LOAD build/AWS_IOT/production/mcc_generated_files/CryptoAuthenticationLibrary/atcacert/atcacert_host_hw.o
LOAD build/AWS_IOT/production/mcc_generated_files/CryptoAuthenticationLibrary/atcacert/atcacert_host_sw.o
LOAD build/AWS_IOT/production/mcc_generated_files/CryptoAuthenticationLibrary/atcacert/atcacert_pem.o
LOAD build/AWS_IOT/production/mcc_generated_files/CryptoAuthenticationLibrary/basic/atca_basic.o
LOAD build/AWS_IOT/production/mcc_generated_files/CryptoAuthenticationLibrary/basic/atca_basic_checkmac.o
LOAD build/AWS_IOT/production/mcc_generated_files/CryptoAuthenticationLibrary/basic/atca_basic_counter.o
LOAD build/AWS_IOT/production/mcc_generated_files/CryptoAuthenticationLibrary/basic/atca_basic_derivekey.o
LOAD build/AWS_IOT/production/mcc_generated_files/CryptoAuthenticationLibrary/basic/atca_basic_ecdh.o
LOAD build/AWS_IOT/production/mcc_generated_files/CryptoAuthenticationLibrary/basic/atca_basic_gendig.o
LOAD build/AWS_IOT/production/mcc_generated_files/CryptoAuthenticationLibrary/basic/atca_basic_genkey.o
LOAD build/AWS_IOT/production/mcc_generated_files/CryptoAuthenticationLibrary/basic/atca_basic_hmac.o
LOAD build/AWS_IOT/production/mcc_generated_files/CryptoAuthenticationLibrary/basic/atca_basic_info.o
LOAD build/AWS_IOT/production/mcc_generated_files/CryptoAuthenticationLibrary/basic/atca_basic_kdf.o
LOAD build/AWS_IOT/production/mcc_generated_files/CryptoAuthenticationLibrary/basic/atca_basic_lock.o
LOAD build/AWS_IOT/production/mcc_generated_files/CryptoAuthenticationLibrary/basic/atca_basic_mac.o
LOAD build/AWS_IOT/production/mcc_generated_files/CryptoAuthenticationLibrary/basic/atca_basic_nonce.o
LOAD build/AWS_IOT/production/mcc_generated_files/CryptoAuthenticationLibrary/basic/atca_basic_privwrite.o
LOAD build/AWS_IOT/production/mcc_generated_files/CryptoAuthenticationLibrary/basic/atca_basic_random.o
LOAD build/AWS_IOT/production/mcc_generated_files/CryptoAuthenticationLibrary/basic/atca_basic_read.o
LOAD build/AWS_IOT/production/mcc_generated_files/CryptoAuthenticationLibrary/basic/atca_basic_secureboot.o
LOAD build/AWS_IOT/production/mcc_generated_files/CryptoAuthenticationLibrary/basic/atca_basic_selftest.o
LOAD build/AWS_IOT/production/mcc_generated_files/CryptoAuthenticationLibrary/basic/atca_basic_sha.o
LOAD build/AWS_IOT/production/mcc_generated_files/CryptoAuthenticationLibrary/basic/atca_basic_sign.o
LOAD build/AWS_IOT/production/mcc_generated_files/CryptoAuthenticationLibrary/basic/atca_basic_updateextra.o
LOAD build/AWS_IOT/production/mcc_generated_files/CryptoAuthenticationLibrary/basic/atca_basic_verify.o
LOAD build/AWS_IOT/production/mcc_generated_files/CryptoAuthenticationLibrary/basic/atca_basic_write.o
LOAD build/AWS_IOT/production/mcc_generated_files/CryptoAuthenticationLibrary/basic/atca_helpers.o
LOAD build/AWS_IOT/production/mcc_generated_files/CryptoAuthenticationLibrary/crypto/hashes/sha1_routines.o
LOAD build/AWS_IOT/production/mcc_generated_files/CryptoAuthenticationLibrary/crypto/hashes/sha2_routines.o
LOAD build/AWS_IOT/production/mcc_generated_files/CryptoAuthenticationLibrary/crypto/atca_crypto_sw_ecdsa.o
LOAD build/AWS_IOT/production/mcc_generated_files/CryptoAuthenticationLibrary/crypto/atca_crypto_sw_rand.o
LOAD build/AWS_IOT/production/mcc_generated_files/CryptoAuthenticationLibrary/crypto/atca_crypto_sw_sha1.o
LOAD build/AWS_IOT/production/mcc_generated_files/CryptoAuthenticationLibrary/crypto/atca_crypto_sw_sha2.o
LOAD build/AWS_IOT/production/mcc_generated_files/CryptoAuthenticationLibrary/hal/atca_hal.o
LOAD build/AWS_IOT/production/mcc_generated_files/CryptoAuthenticationLibrary/hal/atca_i2c_hal.o
LOAD build/AWS_IOT/production/mcc_generated_files/CryptoAuthenticationLibrary/hal/hal_i2c_timer.o
LOAD build/AWS_IOT/production/mcc_generated_files/CryptoAuthenticationLibrary/host/atca_host.o
LOAD build/AWS_IOT/production/mcc_generated_files/CryptoAuthenticationLibrary/jwt/atca_jwt.o
LOAD build/AWS_IOT/production/mcc_generated_files/CryptoAuthenticationLibrary/atca_cfgs.o
LOAD build/AWS_IOT/production/mcc_generated_files/CryptoAuthenticationLibrary/atca_command.o
LOAD build/AWS_IOT/production/mcc_generated_files/CryptoAuthenticationLibrary/atca_device.o
LOAD build/AWS_IOT/production/mcc_generated_files/CryptoAuthenticationLibrary/atca_execution.o
LOAD build/AWS_IOT/production/mcc_generated_files/CryptoAuthenticationLibrary/atca_iface.o
LOAD build/AWS_IOT/production/mcc_generated_files/drivers/spi_master.o
LOAD build/AWS_IOT/production/mcc_generated_files/drivers/timeout.o
LOAD build/AWS_IOT/production/mcc_generated_files/drivers/i2c_simple_master.o
LOAD build/AWS_IOT/production/mcc_generated_files/mqtt/mqtt_comm_bsd/mqtt_comm_layer.o
LOAD build/AWS_IOT/production/mcc_generated_files/mqtt/mqtt_core/mqtt_core.o
LOAD build/AWS_IOT/production/mcc_generated_files/mqtt/mqtt_exchange_buffer/mqtt_exchange_buffer.o
LOAD build/AWS_IOT/production/mcc_generated_files/mqtt/mqtt_packetTransfer_interface.o
LOAD build/AWS_IOT/production/mcc_generated_files/mqtt/mqtt_winc_adapter.o
LOAD build/AWS_IOT/production/mcc_generated_files/src/pin_manager.o
LOAD build/AWS_IOT/production/mcc_generated_files/src/cpuint.o
LOAD build/AWS_IOT/production/mcc_generated_files/src/spi0.o
LOAD build/AWS_IOT/production/mcc_generated_files/src/protected_io.o
LOAD build/AWS_IOT/production/mcc_generated_files/src/rtc.o
LOAD build/AWS_IOT/production/mcc_generated_files/src/twi0_master.o
LOAD build/AWS_IOT/production/mcc_generated_files/src/adc0.o
LOAD build/AWS_IOT/production/mcc_generated_files/src/usart2.o
LOAD build/AWS_IOT/production/mcc_generated_files/winc/driver/winc_spi.o
LOAD build/AWS_IOT/production/mcc_generated_files/winc/driver/winc_adapter.o
LOAD build/AWS_IOT/production/mcc_generated_files/winc/driver/winc_hif.o
LOAD build/AWS_IOT/production/mcc_generated_files/winc/driver/winc_asic.o
LOAD build/AWS_IOT/production/mcc_generated_files/winc/driver/winc_drv.o
LOAD build/AWS_IOT/production/mcc_generated_files/winc/m2m/m2m_ssl.o
LOAD build/AWS_IOT/production/mcc_generated_files/winc/m2m/m2m_wifi.o
LOAD build/AWS_IOT/production/mcc_generated_files/winc/m2m/m2m_periph.o
LOAD build/AWS_IOT/production/mcc_generated_files/winc/m2m/m2m_ota.o
LOAD build/AWS_IOT/production/mcc_generated_files/winc/m2m/m2m_fwinfo.o
LOAD build/AWS_IOT/production/mcc_generated_files/winc/m2m/m2m_crypto.o
LOAD build/AWS_IOT/production/mcc_generated_files/winc/socket/socket.o
LOAD build/AWS_IOT/production/mcc_generated_files/winc/spi_flash/flexible_flash.o
LOAD build/AWS_IOT/production/mcc_generated_files/winc/spi_flash/spi_flash.o
LOAD build/AWS_IOT/production/mcc_generated_files/mcc.o
LOAD build/AWS_IOT/production/mcc_generated_files/delay.o
LOAD build/AWS_IOT/production/mcc_generated_files/device_config.o
LOAD build/AWS_IOT/production/mcc_generated_files/application_manager.o
LOAD build/AWS_IOT/production/mcc_generated_files/debug_print.o
LOAD build/AWS_IOT/production/mcc_generated_files/led.o
LOAD build/AWS_IOT/production/mcc_generated_files/sensors_handling.o
LOAD build/AWS_IOT/production/mcc_generated_files/time_service.o
LOAD build/AWS_IOT/production/mcc_generated_files/CryptoAuthenticationLibrary/CryptoAuth_init.o
LOAD build/AWS_IOT/production/main.o
START GROUP
LOAD /Applications/microchip/xc8/v2.10/avr/bin/../lib/gcc/avr/5.4.0/../../../../avr/lib/avrxmega3/libm.a
END GROUP
START GROUP
LOAD /Applications/microchip/xc8/v2.10/avr/bin/../lib/gcc/avr/5.4.0/avrxmega3/libgcc.a
LOAD /Applications/microchip/xc8/v2.10/avr/bin/../lib/gcc/avr/5.4.0/../../../../avr/lib/avrxmega3/libm.a
LOAD /Applications/microchip/xc8/v2.10/avr/bin/../lib/gcc/avr/5.4.0/../../../../avr/lib/avrxmega3/libc.a
LOAD /Applications/microchip/mplabx/v5.30/packs/Microchip/ATmega_DFP/2.0.12/gcc/dev/atmega4808/avrxmega3/libatmega4808.a
END GROUP
                [0x0000000000000000]                __TEXT_REGION_ORIGIN__ = DEFINED (__TEXT_REGION_ORIGIN__)?__TEXT_REGION_ORIGIN__:0x0
                [0x0000000000802800]                __DATA_REGION_ORIGIN__ = DEFINED (__DATA_REGION_ORIGIN__)?__DATA_REGION_ORIGIN__:0x802000
                [0x000000000000c000]                __TEXT_REGION_LENGTH__ = DEFINED (__TEXT_REGION_LENGTH__)?__TEXT_REGION_LENGTH__:0x100000
                [0x0000000000001800]                __DATA_REGION_LENGTH__ = DEFINED (__DATA_REGION_LENGTH__)?__DATA_REGION_LENGTH__:0xffa0
                [0x0000000000000100]                __EEPROM_REGION_LENGTH__ = DEFINED (__EEPROM_REGION_LENGTH__)?__EEPROM_REGION_LENGTH__:0x10000
                [0x0000000000000009]                __FUSE_REGION_LENGTH__ = DEFINED (__FUSE_REGION_LENGTH__)?__FUSE_REGION_LENGTH__:0x400
                0x0000000000000400                __LOCK_REGION_LENGTH__ = DEFINED (__LOCK_REGION_LENGTH__)?__LOCK_REGION_LENGTH__:0x400
                0x0000000000000400                __SIGNATURE_REGION_LENGTH__ = DEFINED (__SIGNATURE_REGION_LENGTH__)?__SIGNATURE_REGION_LENGTH__:0x400
                0x0000000000000400                __USER_SIGNATURE_REGION_LENGTH__ = DEFINED (__USER_SIGNATURE_REGION_LENGTH__)?__USER_SIGNATURE_REGION_LENGTH__:0x400
                0x0000000000008000                __RODATA_PM_OFFSET__ = DEFINED (__RODATA_PM_OFFSET__)?__RODATA_PM_OFFSET__:0x8000

.hash
 *(.hash)

.dynsym
 *(.dynsym)

.dynstr
 *(.dynstr)

.gnu.version
 *(.gnu.version)

.gnu.version_d
 *(.gnu.version_d)

.gnu.version_r
 *(.gnu.version_r)

.rel.init
 *(.rel.init)

.rela.init
 *(.rela.init)

.rel.text
 *(.rel.text)
 *(.rel.text.*)
 *(.rel.gnu.linkonce.t*)

.rela.text
 *(.rela.text)
 *(.rela.text.*)
 *(.rela.gnu.linkonce.t*)

.rel.fini
 *(.rel.fini)

.rela.fini
 *(.rela.fini)

.rel.rodata
 *(.rel.rodata)
 *(.rel.rodata.*)
 *(.rel.gnu.linkonce.r*)

.rela.rodata
 *(.rela.rodata)
 *(.rela.rodata.*)
 *(.rela.gnu.linkonce.r*)

.rel.data
 *(.rel.data)
 *(.rel.data.*)
 *(.rel.gnu.linkonce.d*)

.rela.data
 *(.rela.data)
 *(.rela.data.*)
 *(.rela.gnu.linkonce.d*)

.rel.ctors
 *(.rel.ctors)

.rela.ctors
 *(.rela.ctors)

.rel.dtors
 *(.rel.dtors)

.rela.dtors
 *(.rela.dtors)

.rel.got
 *(.rel.got)

.rela.got
 *(.rela.got)

.rel.bss
 *(.rel.bss)

.rela.bss
 *(.rela.bss)

.rel.plt
 *(.rel.plt)

.rela.plt
 *(.rela.plt)

.text           0x0000000000000000      0x45c
 *(.vectors)
 .vectors       0x0000000000000000       0x90 /Applications/microchip/mplabx/v5.30/packs/Microchip/ATmega_DFP/2.0.12/gcc/dev/atmega4808/avrxmega3/crtatmega4808.o
                0x0000000000000000                __vectors
                0x0000000000000000                __vector_default
 *(.vectors)
 *(.progmem.gcc*)
 .progmem.gcc_sw_table.LED_service
                0x0000000000000090       0x40 build/AWS_IOT/production/mcc_generated_files/led.o
 *(.dinit)
 .dinit         0x00000000000000d0      0x337 data_init
                0x0000000000000408                . = ALIGN (0x2)
 *fill*         0x0000000000000407        0x1 
                0x0000000000000408                __trampolines_start = .
 *(.trampolines)
 .trampolines   0x0000000000000408        0x0 linker stubs
 *(.trampolines*)
                0x0000000000000408                __trampolines_end = .
 *libprintf_flt.a:*(.progmem.data)
 *libc.a:*(.progmem.data)
                0x0000000000000408                . = ALIGN (0x2)
 *(.jumptables)
 *(.jumptables*)
 *(.lowtext)
 *(.lowtext*)
                0x0000000000000408                __ctors_start = .
 *(.ctors)
                0x0000000000000408                __ctors_end = .
                0x0000000000000408                __dtors_start = .
 *(.dtors)
                0x0000000000000408                __dtors_end = .
 SORT(*)(.ctors)
 SORT(*)(.dtors)
 *(.init0)
 .init0         0x0000000000000408        0x0 /Applications/microchip/mplabx/v5.30/packs/Microchip/ATmega_DFP/2.0.12/gcc/dev/atmega4808/avrxmega3/crtatmega4808.o
                0x0000000000000408                __init
 *(.init0)
 *(.init1)
 *(.init1)
 *(.init2)
 .init2         0x0000000000000408        0xc /Applications/microchip/mplabx/v5.30/packs/Microchip/ATmega_DFP/2.0.12/gcc/dev/atmega4808/avrxmega3/crtatmega4808.o
 *(.init2)
 *(.init3)
 *(.init3)
 *(.init4)
 .init4         0x0000000000000414       0x3c /Applications/microchip/xc8/v2.10/avr/bin/../lib/gcc/avr/5.4.0/avrxmega3/libgcc.a(_copy_data.o)
                0x0000000000000414                __do_copy_data
                0x0000000000000442                __do_clear_bss
 *(.init4)
 *(.init5)
 *(.init5)
 *(.init6)
 *(.init6)
 *(.init7)
 *(.init7)
 *(.init8)
 *(.init8)
 *(.init9)
 .init9         0x0000000000000450        0x8 /Applications/microchip/mplabx/v5.30/packs/Microchip/ATmega_DFP/2.0.12/gcc/dev/atmega4808/avrxmega3/crtatmega4808.o
 *(.init9)
                0x0000000000000458                . = ALIGN (0x2)
 *(.fini9)
 .fini9         0x0000000000000458        0x0 /Applications/microchip/xc8/v2.10/avr/bin/../lib/gcc/avr/5.4.0/avrxmega3/libgcc.a(_exit.o)
                0x0000000000000458                exit
                0x0000000000000458                _exit
 *(.fini9)
 *(.fini8)
 *(.fini8)
 *(.fini7)
 *(.fini7)
 *(.fini6)
 *(.fini6)
 *(.fini5)
 *(.fini5)
 *(.fini4)
 *(.fini4)
 *(.fini3)
 *(.fini3)
 *(.fini2)
 *(.fini2)
 *(.fini1)
 *(.fini1)
 *(.fini0)
 .fini0         0x0000000000000458        0x4 /Applications/microchip/xc8/v2.10/avr/bin/../lib/gcc/avr/5.4.0/avrxmega3/libgcc.a(_exit.o)
 *(.fini0)
                0x000000000000045c                _etext = .

.rodata         0x000000000080445c      0xe52 load address 0x000000000000045c
 *(.rodata)
 .rodata        0x000000000080445c      0x203 build/AWS_IOT/production/mcc_generated_files/cli/cli.o
 .rodata        0x000000000080465f       0xd3 build/AWS_IOT/production/mcc_generated_files/cloud/crypto_client/crypto_client.o
 .rodata        0x0000000000804732      0x2f3 build/AWS_IOT/production/mcc_generated_files/cloud/cloud_service.o
 .rodata        0x0000000000804a25      0x2f7 build/AWS_IOT/production/mcc_generated_files/cloud/wifi_service.o
 .rodata        0x0000000000804d1c       0x4d build/AWS_IOT/production/mcc_generated_files/cloud/mqtt_service.o
 .rodata        0x0000000000804d69      0x104 build/AWS_IOT/production/mcc_generated_files/cloud/aws_cloud_service.o
 .rodata        0x0000000000804e6d      0x1c2 build/AWS_IOT/production/mcc_generated_files/application_manager.o
 .rodata        0x000000000080502f       0xbd build/AWS_IOT/production/mcc_generated_files/debug_print.o
 *(.rodata*)
 .rodata.commands
                0x00000000008050ec       0x20 build/AWS_IOT/production/mcc_generated_files/cli/cli.o
                0x00000000008050ec                commands
 .rodata.device_execution_time_608_m2
                0x000000000080510c       0x42 build/AWS_IOT/production/mcc_generated_files/CryptoAuthenticationLibrary/atca_execution.o
 .rodata.device_execution_time_608_m1
                0x000000000080514e       0x42 build/AWS_IOT/production/mcc_generated_files/CryptoAuthenticationLibrary/atca_execution.o
 .rodata.device_execution_time_608_m0
                0x0000000000805190       0x42 build/AWS_IOT/production/mcc_generated_files/CryptoAuthenticationLibrary/atca_execution.o
 .rodata.device_execution_time_508
                0x00000000008051d2       0x3c build/AWS_IOT/production/mcc_generated_files/CryptoAuthenticationLibrary/atca_execution.o
 .rodata.device_execution_time_108
                0x000000000080520e       0x39 build/AWS_IOT/production/mcc_generated_files/CryptoAuthenticationLibrary/atca_execution.o
 .rodata.device_execution_time_204
                0x0000000000805247       0x2a build/AWS_IOT/production/mcc_generated_files/CryptoAuthenticationLibrary/atca_execution.o
 .rodata.spiMaster
                0x0000000000805271       0x14 build/AWS_IOT/production/mcc_generated_files/drivers/spi_master.o
                0x0000000000805271                spiMaster
 .rodata.u8CmdBuf.3402
                0x0000000000805285        0x9 build/AWS_IOT/production/mcc_generated_files/winc/driver/winc_spi.o
 .rodata.gHifCallbacks
                0x000000000080528e        0xe build/AWS_IOT/production/mcc_generated_files/winc/driver/winc_hif.o
 .rodata.level_strings
                0x000000000080529c        0x8 build/AWS_IOT/production/mcc_generated_files/debug_print.o
 .rodata.severity_strings
                0x00000000008052a4        0xa build/AWS_IOT/production/mcc_generated_files/debug_print.o
 *(.gnu.linkonce.r*)

.data           0x0000000000802800        0x0 load address 0x00000000000012ae
                [!provide]                        PROVIDE (__data_start, .)
 *(.gnu.linkonce.d*)
                0x0000000000802800                . = ALIGN (0x2)
                0x0000000000802800                _edata = .
                [!provide]                        PROVIDE (__data_end, .)

.bss            0x0000000000802800      0x15c
                [!provide]                        PROVIDE (__bss_start, .)
 *(COMMON)
 COMMON         0x0000000000802800        0x9 build/AWS_IOT/production/mcc_generated_files/cloud/crypto_client/crypto_client.o
                0x0000000000802800                g_serial_number
 COMMON         0x0000000000802809       0x10 build/AWS_IOT/production/mcc_generated_files/cloud/cloud_service.o
                0x0000000000802809                cloudStatus
                0x000000000080280a                mqttBrokerIP
                0x000000000080280e                shared_networking_params
                0x000000000080280f                cloud_packetReceiveCallBackTable
 COMMON         0x0000000000802819       0x16 build/AWS_IOT/production/mcc_generated_files/cloud/wifi_service.o
                0x0000000000802819                prevNTPServerName
                0x000000000080282d                callback_funcPtr
 COMMON         0x000000000080282f       0x29 build/AWS_IOT/production/mcc_generated_files/cloud/mqtt_service.o
                0x000000000080282f                cid
 COMMON         0x0000000000802858        0x4 build/AWS_IOT/production/mcc_generated_files/cloud/aws_cloud_service.o
                0x0000000000802858                imqtt_publishReceiveCallBackTable
 COMMON         0x000000000080285c       0x54 build/AWS_IOT/production/mcc_generated_files/credentials_storage/credentials_storage.o
                0x000000000080285c                ssid
                0x000000000080287b                pass
                0x000000000080289a                ntpServerName
                0x00000000008028ae                authType
 COMMON         0x00000000008028b0       0x1b build/AWS_IOT/production/mcc_generated_files/CryptoAuthenticationLibrary/basic/atca_basic.o
                0x00000000008028b0                g_atcab_device
                0x00000000008028b4                g_atcab_iface
                0x00000000008028c7                g_atcab_command
 COMMON         0x00000000008028cb        0x2 build/AWS_IOT/production/mcc_generated_files/mqtt/mqtt_packetTransfer_interface.o
                0x00000000008028cb                publishRecvCallback
 COMMON         0x00000000008028cd       0x65 build/AWS_IOT/production/mcc_generated_files/application_manager.o
                0x00000000008028cd                mqttSubscribeTopic
                0x0000000000802931                retValCryptoClientSerialNumber
 COMMON         0x0000000000802932        0x6 /Applications/microchip/xc8/v2.10/avr/bin/../lib/gcc/avr/5.4.0/../../../../avr/lib/avrxmega3/libc.a(iob.o)
                0x0000000000802932                __iob
 COMMON         0x0000000000802938        0x4 /Applications/microchip/xc8/v2.10/avr/bin/../lib/gcc/avr/5.4.0/../../../../avr/lib/avrxmega3/libc.a(system_time.o)
                0x0000000000802938                __system_time
 COMMON         0x000000000080293c        0x4 /Applications/microchip/xc8/v2.10/avr/bin/../lib/gcc/avr/5.4.0/../../../../avr/lib/avrxmega3/libc.a(utc_offset.o)
                0x000000000080293c                __utc_offset
 COMMON         0x0000000000802940       0x1a /Applications/microchip/xc8/v2.10/avr/bin/../lib/gcc/avr/5.4.0/../../../../avr/lib/avrxmega3/libc.a(asc_store.o)
                0x0000000000802940                __store
 COMMON         0x000000000080295a        0x2 /Applications/microchip/xc8/v2.10/avr/bin/../lib/gcc/avr/5.4.0/../../../../avr/lib/avrxmega3/libc.a(dst_pointer.o)
                0x000000000080295a                __dst_ptr
                [!provide]                        PROVIDE (__bss_end, .)
                0x00000000000012ae                __data_load_start = LOADADDR (.data)
                0x00000000000012ae                __data_load_end = (__data_load_start + SIZEOF (.data))

.noinit         0x000000000080295c        0x0
                [!provide]                        PROVIDE (__noinit_start, .)
 *(.noinit*)
                [!provide]                        PROVIDE (__noinit_end, .)
                0x000000000080295c                _end = .

.eeprom         0x0000000000810000        0x0
 *(.eeprom*)
                0x0000000000810000                __eeprom_end = .

.fuse           0x0000000000820000        0x9
 *(.fuse)
 .fuse          0x0000000000820000        0x9 build/AWS_IOT/production/mcc_generated_files/device_config.o
                0x0000000000820000                __fuse
 *(.lfuse)
 *(.hfuse)
 *(.efuse)

.lock
 *(.lock*)

.signature
 *(.signature*)

.user_signatures
 *(.user_signatures*)

.stab
 *(.stab)

.stabstr
 *(.stabstr)

.stab.excl
 *(.stab.excl)

.stab.exclstr
 *(.stab.exclstr)

.stab.index
 *(.stab.index)

.stab.indexstr
 *(.stab.indexstr)

.comment        0x0000000000000000       0x5b
 *(.comment)
 .comment       0x0000000000000000       0x2f build/AWS_IOT/production/mcc_generated_files/cli/cli.o
                                         0x30 (size before relaxing)
 .comment       0x000000000000002f       0x30 build/AWS_IOT/production/mcc_generated_files/cloud/crypto_client/crypto_client.o
 .comment       0x000000000000002f       0x30 build/AWS_IOT/production/mcc_generated_files/cloud/cloud_service.o
 .comment       0x000000000000002f       0x30 build/AWS_IOT/production/mcc_generated_files/cloud/wifi_service.o
 .comment       0x000000000000002f       0x30 build/AWS_IOT/production/mcc_generated_files/cloud/mqtt_service.o
 .comment       0x000000000000002f       0x30 build/AWS_IOT/production/mcc_generated_files/cloud/aws_cloud_service.o
 .comment       0x000000000000002f       0x30 build/AWS_IOT/production/mcc_generated_files/credentials_storage/credentials_storage.o
 .comment       0x000000000000002f       0x30 build/AWS_IOT/production/mcc_generated_files/CryptoAuthenticationLibrary/basic/atca_basic.o
 .comment       0x000000000000002f       0x30 build/AWS_IOT/production/mcc_generated_files/CryptoAuthenticationLibrary/basic/atca_basic_ecdh.o
 .comment       0x000000000000002f       0x30 build/AWS_IOT/production/mcc_generated_files/CryptoAuthenticationLibrary/basic/atca_basic_genkey.o
 .comment       0x000000000000002f       0x30 build/AWS_IOT/production/mcc_generated_files/CryptoAuthenticationLibrary/basic/atca_basic_lock.o
 .comment       0x000000000000002f       0x30 build/AWS_IOT/production/mcc_generated_files/CryptoAuthenticationLibrary/basic/atca_basic_nonce.o
 .comment       0x000000000000002f       0x30 build/AWS_IOT/production/mcc_generated_files/CryptoAuthenticationLibrary/basic/atca_basic_random.o
 .comment       0x000000000000002f       0x30 build/AWS_IOT/production/mcc_generated_files/CryptoAuthenticationLibrary/basic/atca_basic_read.o
 .comment       0x000000000000002f       0x30 build/AWS_IOT/production/mcc_generated_files/CryptoAuthenticationLibrary/basic/atca_basic_sign.o
 .comment       0x000000000000002f       0x30 build/AWS_IOT/production/mcc_generated_files/CryptoAuthenticationLibrary/basic/atca_basic_verify.o
 .comment       0x000000000000002f       0x30 build/AWS_IOT/production/mcc_generated_files/CryptoAuthenticationLibrary/hal/atca_hal.o
 .comment       0x000000000000002f       0x30 build/AWS_IOT/production/mcc_generated_files/CryptoAuthenticationLibrary/hal/atca_i2c_hal.o
 .comment       0x000000000000002f       0x30 build/AWS_IOT/production/mcc_generated_files/CryptoAuthenticationLibrary/hal/hal_i2c_timer.o
 .comment       0x000000000000002f       0x30 build/AWS_IOT/production/mcc_generated_files/CryptoAuthenticationLibrary/atca_command.o
 .comment       0x000000000000002f       0x30 build/AWS_IOT/production/mcc_generated_files/CryptoAuthenticationLibrary/atca_device.o
 .comment       0x000000000000002f       0x30 build/AWS_IOT/production/mcc_generated_files/CryptoAuthenticationLibrary/atca_execution.o
 .comment       0x000000000000002f       0x30 build/AWS_IOT/production/mcc_generated_files/CryptoAuthenticationLibrary/atca_iface.o
 .comment       0x000000000000002f       0x30 build/AWS_IOT/production/mcc_generated_files/drivers/spi_master.o
 .comment       0x000000000000002f       0x30 build/AWS_IOT/production/mcc_generated_files/drivers/timeout.o
 .comment       0x000000000000002f       0x30 build/AWS_IOT/production/mcc_generated_files/drivers/i2c_simple_master.o
 .comment       0x000000000000002f       0x30 build/AWS_IOT/production/mcc_generated_files/mqtt/mqtt_comm_bsd/mqtt_comm_layer.o
 .comment       0x000000000000002f       0x30 build/AWS_IOT/production/mcc_generated_files/mqtt/mqtt_core/mqtt_core.o
 .comment       0x000000000000002f       0x30 build/AWS_IOT/production/mcc_generated_files/mqtt/mqtt_exchange_buffer/mqtt_exchange_buffer.o
 .comment       0x000000000000002f       0x30 build/AWS_IOT/production/mcc_generated_files/mqtt/mqtt_packetTransfer_interface.o
 .comment       0x000000000000002f       0x30 build/AWS_IOT/production/mcc_generated_files/mqtt/mqtt_winc_adapter.o
 .comment       0x000000000000002f       0x30 build/AWS_IOT/production/mcc_generated_files/src/pin_manager.o
 .comment       0x000000000000002f       0x30 build/AWS_IOT/production/mcc_generated_files/src/cpuint.o
 .comment       0x000000000000002f       0x30 build/AWS_IOT/production/mcc_generated_files/src/spi0.o
 .comment       0x000000000000002f       0x30 build/AWS_IOT/production/mcc_generated_files/src/rtc.o
 .comment       0x000000000000002f       0x30 build/AWS_IOT/production/mcc_generated_files/src/twi0_master.o
 .comment       0x000000000000002f       0x30 build/AWS_IOT/production/mcc_generated_files/src/adc0.o
 .comment       0x000000000000002f       0x30 build/AWS_IOT/production/mcc_generated_files/src/usart2.o
 .comment       0x000000000000002f       0x30 build/AWS_IOT/production/mcc_generated_files/winc/driver/winc_spi.o
 .comment       0x000000000000002f       0x30 build/AWS_IOT/production/mcc_generated_files/winc/driver/winc_adapter.o
 .comment       0x000000000000002f       0x30 build/AWS_IOT/production/mcc_generated_files/winc/driver/winc_hif.o
 .comment       0x000000000000002f       0x30 build/AWS_IOT/production/mcc_generated_files/winc/driver/winc_asic.o
 .comment       0x000000000000002f       0x30 build/AWS_IOT/production/mcc_generated_files/winc/driver/winc_drv.o
 .comment       0x000000000000002f       0x30 build/AWS_IOT/production/mcc_generated_files/winc/m2m/m2m_ssl.o
 .comment       0x000000000000002f       0x30 build/AWS_IOT/production/mcc_generated_files/winc/m2m/m2m_wifi.o
 .comment       0x000000000000002f       0x30 build/AWS_IOT/production/mcc_generated_files/winc/m2m/m2m_fwinfo.o
 .comment       0x000000000000002f       0x30 build/AWS_IOT/production/mcc_generated_files/winc/socket/socket.o
 .comment       0x000000000000002f       0x30 build/AWS_IOT/production/mcc_generated_files/winc/spi_flash/spi_flash.o
 .comment       0x000000000000002f       0x30 build/AWS_IOT/production/mcc_generated_files/mcc.o
 .comment       0x000000000000002f       0x30 build/AWS_IOT/production/mcc_generated_files/delay.o
 .comment       0x000000000000002f       0x30 build/AWS_IOT/production/mcc_generated_files/device_config.o
 .comment       0x000000000000002f       0x30 build/AWS_IOT/production/mcc_generated_files/application_manager.o
 .comment       0x000000000000002f       0x30 build/AWS_IOT/production/mcc_generated_files/debug_print.o
 .comment       0x000000000000002f       0x30 build/AWS_IOT/production/mcc_generated_files/led.o
 .comment       0x000000000000002f       0x30 build/AWS_IOT/production/mcc_generated_files/sensors_handling.o
 .comment       0x000000000000002f       0x30 build/AWS_IOT/production/mcc_generated_files/time_service.o
 .comment       0x000000000000002f       0x30 build/AWS_IOT/production/mcc_generated_files/CryptoAuthenticationLibrary/CryptoAuth_init.o
 .comment       0x000000000000002f       0x30 build/AWS_IOT/production/main.o
 .comment       0x000000000000002f       0x2c /Applications/microchip/xc8/v2.10/avr/bin/../lib/gcc/avr/5.4.0/../../../../avr/lib/avrxmega3/libc.a(atoi_M.o)
                                         0x2d (size before relaxing)
 .comment       0x000000000000005b       0x2d /Applications/microchip/xc8/v2.10/avr/bin/../lib/gcc/avr/5.4.0/../../../../avr/lib/avrxmega3/libc.a(strtok.o)
 .comment       0x000000000000005b       0x2d /Applications/microchip/xc8/v2.10/avr/bin/../lib/gcc/avr/5.4.0/../../../../avr/lib/avrxmega3/libc.a(iob.o)
 .comment       0x000000000000005b       0x2d /Applications/microchip/xc8/v2.10/avr/bin/../lib/gcc/avr/5.4.0/../../../../avr/lib/avrxmega3/libc.a(printf.o)
 .comment       0x000000000000005b       0x2d /Applications/microchip/xc8/v2.10/avr/bin/../lib/gcc/avr/5.4.0/../../../../avr/lib/avrxmega3/libc.a(puts.o)
 .comment       0x000000000000005b       0x2d /Applications/microchip/xc8/v2.10/avr/bin/../lib/gcc/avr/5.4.0/../../../../avr/lib/avrxmega3/libc.a(sprintf.o)
 .comment       0x000000000000005b       0x2d /Applications/microchip/xc8/v2.10/avr/bin/../lib/gcc/avr/5.4.0/../../../../avr/lib/avrxmega3/libc.a(vprintf.o)
 .comment       0x000000000000005b       0x2d /Applications/microchip/xc8/v2.10/avr/bin/../lib/gcc/avr/5.4.0/../../../../avr/lib/avrxmega3/libc.a(ctime.o)
 .comment       0x000000000000005b       0x2d /Applications/microchip/xc8/v2.10/avr/bin/../lib/gcc/avr/5.4.0/../../../../avr/lib/avrxmega3/libc.a(difftime.o)
 .comment       0x000000000000005b       0x2d /Applications/microchip/xc8/v2.10/avr/bin/../lib/gcc/avr/5.4.0/../../../../avr/lib/avrxmega3/libc.a(localtime_r.o)
 .comment       0x000000000000005b       0x2d /Applications/microchip/xc8/v2.10/avr/bin/../lib/gcc/avr/5.4.0/../../../../avr/lib/avrxmega3/libc.a(mktime.o)
 .comment       0x000000000000005b       0x2d /Applications/microchip/xc8/v2.10/avr/bin/../lib/gcc/avr/5.4.0/../../../../avr/lib/avrxmega3/libc.a(set_system_time.o)
 .comment       0x000000000000005b       0x2d /Applications/microchip/xc8/v2.10/avr/bin/../lib/gcc/avr/5.4.0/../../../../avr/lib/avrxmega3/libc.a(system_time.o)
 .comment       0x000000000000005b       0x2d /Applications/microchip/xc8/v2.10/avr/bin/../lib/gcc/avr/5.4.0/../../../../avr/lib/avrxmega3/libc.a(utc_offset.o)
 .comment       0x000000000000005b       0x2d /Applications/microchip/xc8/v2.10/avr/bin/../lib/gcc/avr/5.4.0/../../../../avr/lib/avrxmega3/libc.a(vfprintf_std.o)
 .comment       0x000000000000005b       0x2d /Applications/microchip/xc8/v2.10/avr/bin/../lib/gcc/avr/5.4.0/../../../../avr/lib/avrxmega3/libc.a(fputc.o)
 .comment       0x000000000000005b       0x2d /Applications/microchip/xc8/v2.10/avr/bin/../lib/gcc/avr/5.4.0/../../../../avr/lib/avrxmega3/libc.a(asc_store.o)
 .comment       0x000000000000005b       0x2d /Applications/microchip/xc8/v2.10/avr/bin/../lib/gcc/avr/5.4.0/../../../../avr/lib/avrxmega3/libc.a(asctime_r.o)
 .comment       0x000000000000005b       0x2d /Applications/microchip/xc8/v2.10/avr/bin/../lib/gcc/avr/5.4.0/../../../../avr/lib/avrxmega3/libc.a(dst_pointer.o)
 .comment       0x000000000000005b       0x2d /Applications/microchip/xc8/v2.10/avr/bin/../lib/gcc/avr/5.4.0/../../../../avr/lib/avrxmega3/libc.a(gmtime_r.o)
 .comment       0x000000000000005b       0x2d /Applications/microchip/xc8/v2.10/avr/bin/../lib/gcc/avr/5.4.0/../../../../avr/lib/avrxmega3/libc.a(mk_gmtime.o)
 .comment       0x000000000000005b       0x2d /Applications/microchip/xc8/v2.10/avr/bin/../lib/gcc/avr/5.4.0/../../../../avr/lib/avrxmega3/libc.a(print_lz.o)
 .comment       0x000000000000005b       0x2d /Applications/microchip/xc8/v2.10/avr/bin/../lib/gcc/avr/5.4.0/../../../../avr/lib/avrxmega3/libc.a(isLeap.o)

.note.gnu.build-id
 *(.note.gnu.build-id)

.debug
 *(.debug)

.line
 *(.line)

.debug_srcinfo
 *(.debug_srcinfo)

.debug_sfnames
 *(.debug_sfnames)

.debug_aranges  0x0000000000000000     0x19f0
 *(.debug_aranges)
 .debug_aranges
                0x0000000000000000       0x70 build/AWS_IOT/production/mcc_generated_files/cli/cli.o
 .debug_aranges
                0x0000000000000070       0x58 build/AWS_IOT/production/mcc_generated_files/cloud/crypto_client/crypto_client.o
 .debug_aranges
                0x00000000000000c8       0x70 build/AWS_IOT/production/mcc_generated_files/cloud/cloud_service.o
 .debug_aranges
                0x0000000000000138       0x70 build/AWS_IOT/production/mcc_generated_files/cloud/wifi_service.o
 .debug_aranges
                0x00000000000001a8       0x50 build/AWS_IOT/production/mcc_generated_files/cloud/mqtt_service.o
 .debug_aranges
                0x00000000000001f8       0x60 build/AWS_IOT/production/mcc_generated_files/cloud/aws_cloud_service.o
 .debug_aranges
                0x0000000000000258       0x20 build/AWS_IOT/production/mcc_generated_files/credentials_storage/credentials_storage.o
 .debug_aranges
                0x0000000000000278       0x80 build/AWS_IOT/production/mcc_generated_files/CryptoAuthenticationLibrary/basic/atca_basic.o
 .debug_aranges
                0x00000000000002f8       0x48 build/AWS_IOT/production/mcc_generated_files/CryptoAuthenticationLibrary/basic/atca_basic_ecdh.o
 .debug_aranges
                0x0000000000000340       0x30 build/AWS_IOT/production/mcc_generated_files/CryptoAuthenticationLibrary/basic/atca_basic_genkey.o
 .debug_aranges
                0x0000000000000370       0x48 build/AWS_IOT/production/mcc_generated_files/CryptoAuthenticationLibrary/basic/atca_basic_lock.o
 .debug_aranges
                0x00000000000003b8       0x48 build/AWS_IOT/production/mcc_generated_files/CryptoAuthenticationLibrary/basic/atca_basic_nonce.o
 .debug_aranges
                0x0000000000000400       0x20 build/AWS_IOT/production/mcc_generated_files/CryptoAuthenticationLibrary/basic/atca_basic_random.o
 .debug_aranges
                0x0000000000000420       0x68 build/AWS_IOT/production/mcc_generated_files/CryptoAuthenticationLibrary/basic/atca_basic_read.o
 .debug_aranges
                0x0000000000000488       0x30 build/AWS_IOT/production/mcc_generated_files/CryptoAuthenticationLibrary/basic/atca_basic_sign.o
 .debug_aranges
                0x00000000000004b8       0x58 build/AWS_IOT/production/mcc_generated_files/CryptoAuthenticationLibrary/basic/atca_basic_verify.o
 .debug_aranges
                0x0000000000000510       0x30 build/AWS_IOT/production/mcc_generated_files/CryptoAuthenticationLibrary/hal/atca_hal.o
 .debug_aranges
                0x0000000000000540       0x68 build/AWS_IOT/production/mcc_generated_files/CryptoAuthenticationLibrary/hal/atca_i2c_hal.o
 .debug_aranges
                0x00000000000005a8       0x28 build/AWS_IOT/production/mcc_generated_files/CryptoAuthenticationLibrary/hal/hal_i2c_timer.o
 .debug_aranges
                0x00000000000005d0      0x110 build/AWS_IOT/production/mcc_generated_files/CryptoAuthenticationLibrary/atca_command.o
 .debug_aranges
                0x00000000000006e0       0x38 build/AWS_IOT/production/mcc_generated_files/CryptoAuthenticationLibrary/atca_device.o
 .debug_aranges
                0x0000000000000718       0x28 build/AWS_IOT/production/mcc_generated_files/CryptoAuthenticationLibrary/atca_execution.o
 .debug_aranges
                0x0000000000000740       0x70 build/AWS_IOT/production/mcc_generated_files/CryptoAuthenticationLibrary/atca_iface.o
 .debug_aranges
                0x00000000000007b0       0x28 build/AWS_IOT/production/mcc_generated_files/drivers/spi_master.o
 .debug_aranges
                0x00000000000007d8       0xc0 build/AWS_IOT/production/mcc_generated_files/drivers/timeout.o
 .debug_aranges
                0x0000000000000898       0x78 build/AWS_IOT/production/mcc_generated_files/drivers/i2c_simple_master.o
 .debug_aranges
                0x0000000000000910       0x48 build/AWS_IOT/production/mcc_generated_files/mqtt/mqtt_comm_bsd/mqtt_comm_layer.o
 .debug_aranges
                0x0000000000000958       0xb0 build/AWS_IOT/production/mcc_generated_files/mqtt/mqtt_core/mqtt_core.o
 .debug_aranges
                0x0000000000000a08       0x38 build/AWS_IOT/production/mcc_generated_files/mqtt/mqtt_exchange_buffer/mqtt_exchange_buffer.o
 .debug_aranges
                0x0000000000000a40       0x28 build/AWS_IOT/production/mcc_generated_files/mqtt/mqtt_packetTransfer_interface.o
 .debug_aranges
                0x0000000000000a68       0xe0 build/AWS_IOT/production/mcc_generated_files/mqtt/mqtt_winc_adapter.o
 .debug_aranges
                0x0000000000000b48      0x160 build/AWS_IOT/production/mcc_generated_files/src/pin_manager.o
 .debug_aranges
                0x0000000000000ca8       0x20 build/AWS_IOT/production/mcc_generated_files/src/cpuint.o
 .debug_aranges
                0x0000000000000cc8       0x98 build/AWS_IOT/production/mcc_generated_files/src/spi0.o
 .debug_aranges
                0x0000000000000d60       0x20 build/AWS_IOT/production/mcc_generated_files/src/protected_io.o
 .debug_aranges
                0x0000000000000d80       0xa0 build/AWS_IOT/production/mcc_generated_files/src/rtc.o
 .debug_aranges
                0x0000000000000e20      0x1f8 build/AWS_IOT/production/mcc_generated_files/src/twi0_master.o
 .debug_aranges
                0x0000000000001018       0xa8 build/AWS_IOT/production/mcc_generated_files/src/adc0.o
 .debug_aranges
                0x00000000000010c0       0xc0 build/AWS_IOT/production/mcc_generated_files/src/usart2.o
 .debug_aranges
                0x0000000000001180       0x98 build/AWS_IOT/production/mcc_generated_files/winc/driver/winc_spi.o
 .debug_aranges
                0x0000000000001218       0x88 build/AWS_IOT/production/mcc_generated_files/winc/driver/winc_adapter.o
 .debug_aranges
                0x00000000000012a0       0x68 build/AWS_IOT/production/mcc_generated_files/winc/driver/winc_hif.o
 .debug_aranges
                0x0000000000001308       0x68 build/AWS_IOT/production/mcc_generated_files/winc/driver/winc_asic.o
 .debug_aranges
                0x0000000000001370       0x30 build/AWS_IOT/production/mcc_generated_files/winc/driver/winc_drv.o
 .debug_aranges
                0x00000000000013a0       0x60 build/AWS_IOT/production/mcc_generated_files/winc/m2m/m2m_ssl.o
 .debug_aranges
                0x0000000000001400      0x248 build/AWS_IOT/production/mcc_generated_files/winc/m2m/m2m_wifi.o
 .debug_aranges
                0x0000000000001648       0x28 build/AWS_IOT/production/mcc_generated_files/winc/m2m/m2m_fwinfo.o
 .debug_aranges
                0x0000000000001670       0xc8 build/AWS_IOT/production/mcc_generated_files/winc/socket/socket.o
 .debug_aranges
                0x0000000000001738       0x60 build/AWS_IOT/production/mcc_generated_files/winc/spi_flash/spi_flash.o
 .debug_aranges
                0x0000000000001798       0x48 build/AWS_IOT/production/mcc_generated_files/mcc.o
 .debug_aranges
                0x00000000000017e0       0x28 build/AWS_IOT/production/mcc_generated_files/delay.o
 .debug_aranges
                0x0000000000001808       0x18 build/AWS_IOT/production/mcc_generated_files/device_config.o
 .debug_aranges
                0x0000000000001820       0x70 build/AWS_IOT/production/mcc_generated_files/application_manager.o
 .debug_aranges
                0x0000000000001890       0x38 build/AWS_IOT/production/mcc_generated_files/debug_print.o
 .debug_aranges
                0x00000000000018c8       0x50 build/AWS_IOT/production/mcc_generated_files/led.o
 .debug_aranges
                0x0000000000001918       0x28 build/AWS_IOT/production/mcc_generated_files/sensors_handling.o
 .debug_aranges
                0x0000000000001940       0x70 build/AWS_IOT/production/mcc_generated_files/time_service.o
 .debug_aranges
                0x00000000000019b0       0x20 build/AWS_IOT/production/mcc_generated_files/CryptoAuthenticationLibrary/CryptoAuth_init.o
 .debug_aranges
                0x00000000000019d0       0x20 build/AWS_IOT/production/main.o

.debug_pubnames
 *(.debug_pubnames)

.debug_info     0x0000000000000000    0x3c90b
 *(.debug_info .gnu.linkonce.wi.*)
 .debug_info    0x0000000000000000     0x229c /Applications/microchip/mplabx/v5.30/packs/Microchip/ATmega_DFP/2.0.12/gcc/dev/atmega4808/avrxmega3/crtatmega4808.o
 .debug_info    0x000000000000229c     0x1203 build/AWS_IOT/production/mcc_generated_files/cli/cli.o
 .debug_info    0x000000000000349f     0x1927 build/AWS_IOT/production/mcc_generated_files/cloud/crypto_client/crypto_client.o
 .debug_info    0x0000000000004dc6     0x16fe build/AWS_IOT/production/mcc_generated_files/cloud/cloud_service.o
 .debug_info    0x00000000000064c4     0x1c42 build/AWS_IOT/production/mcc_generated_files/cloud/wifi_service.o
 .debug_info    0x0000000000008106      0xd55 build/AWS_IOT/production/mcc_generated_files/cloud/mqtt_service.o
 .debug_info    0x0000000000008e5b     0x14c3 build/AWS_IOT/production/mcc_generated_files/cloud/aws_cloud_service.o
 .debug_info    0x000000000000a31e      0x356 build/AWS_IOT/production/mcc_generated_files/credentials_storage/credentials_storage.o
 .debug_info    0x000000000000a674     0x1201 build/AWS_IOT/production/mcc_generated_files/CryptoAuthenticationLibrary/basic/atca_basic.o
 .debug_info    0x000000000000b875     0x124a build/AWS_IOT/production/mcc_generated_files/CryptoAuthenticationLibrary/basic/atca_basic_ecdh.o
 .debug_info    0x000000000000cabf      0xea5 build/AWS_IOT/production/mcc_generated_files/CryptoAuthenticationLibrary/basic/atca_basic_genkey.o
 .debug_info    0x000000000000d964      0xeec build/AWS_IOT/production/mcc_generated_files/CryptoAuthenticationLibrary/basic/atca_basic_lock.o
 .debug_info    0x000000000000e850     0x1005 build/AWS_IOT/production/mcc_generated_files/CryptoAuthenticationLibrary/basic/atca_basic_nonce.o
 .debug_info    0x000000000000f855      0xd41 build/AWS_IOT/production/mcc_generated_files/CryptoAuthenticationLibrary/basic/atca_basic_random.o
 .debug_info    0x0000000000010596     0x1bd9 build/AWS_IOT/production/mcc_generated_files/CryptoAuthenticationLibrary/basic/atca_basic_read.o
 .debug_info    0x000000000001216f      0xf6e build/AWS_IOT/production/mcc_generated_files/CryptoAuthenticationLibrary/basic/atca_basic_sign.o
 .debug_info    0x00000000000130dd     0x16c2 build/AWS_IOT/production/mcc_generated_files/CryptoAuthenticationLibrary/basic/atca_basic_verify.o
 .debug_info    0x000000000001479f      0xd91 build/AWS_IOT/production/mcc_generated_files/CryptoAuthenticationLibrary/hal/atca_hal.o
 .debug_info    0x0000000000015530     0x101c build/AWS_IOT/production/mcc_generated_files/CryptoAuthenticationLibrary/hal/atca_i2c_hal.o
 .debug_info    0x000000000001654c      0x3e6 build/AWS_IOT/production/mcc_generated_files/CryptoAuthenticationLibrary/hal/hal_i2c_timer.o
 .debug_info    0x0000000000016932     0x12a1 build/AWS_IOT/production/mcc_generated_files/CryptoAuthenticationLibrary/atca_command.o
 .debug_info    0x0000000000017bd3      0xd1a build/AWS_IOT/production/mcc_generated_files/CryptoAuthenticationLibrary/atca_device.o
 .debug_info    0x00000000000188ed     0x102b build/AWS_IOT/production/mcc_generated_files/CryptoAuthenticationLibrary/atca_execution.o
 .debug_info    0x0000000000019918     0x100b build/AWS_IOT/production/mcc_generated_files/CryptoAuthenticationLibrary/atca_iface.o
 .debug_info    0x000000000001a923      0x502 build/AWS_IOT/production/mcc_generated_files/drivers/spi_master.o
 .debug_info    0x000000000001ae25      0xeb0 build/AWS_IOT/production/mcc_generated_files/drivers/timeout.o
 .debug_info    0x000000000001bcd5      0xc57 build/AWS_IOT/production/mcc_generated_files/drivers/i2c_simple_master.o
 .debug_info    0x000000000001c92c      0x65d build/AWS_IOT/production/mcc_generated_files/mqtt/mqtt_comm_bsd/mqtt_comm_layer.o
 .debug_info    0x000000000001cf89     0x31c6 build/AWS_IOT/production/mcc_generated_files/mqtt/mqtt_core/mqtt_core.o
 .debug_info    0x000000000002014f      0x4e2 build/AWS_IOT/production/mcc_generated_files/mqtt/mqtt_exchange_buffer/mqtt_exchange_buffer.o
 .debug_info    0x0000000000020631      0x374 build/AWS_IOT/production/mcc_generated_files/mqtt/mqtt_packetTransfer_interface.o
 .debug_info    0x00000000000209a5     0x2674 build/AWS_IOT/production/mcc_generated_files/mqtt/mqtt_winc_adapter.o
 .debug_info    0x0000000000023019     0x158a build/AWS_IOT/production/mcc_generated_files/src/pin_manager.o
 .debug_info    0x00000000000245a3      0x3ed build/AWS_IOT/production/mcc_generated_files/src/cpuint.o
 .debug_info    0x0000000000024990      0x7d0 build/AWS_IOT/production/mcc_generated_files/src/spi0.o
 .debug_info    0x0000000000025160       0xb6 build/AWS_IOT/production/mcc_generated_files/src/protected_io.o
 .debug_info    0x0000000000025216      0x912 build/AWS_IOT/production/mcc_generated_files/src/rtc.o
 .debug_info    0x0000000000025b28     0x19e6 build/AWS_IOT/production/mcc_generated_files/src/twi0_master.o
 .debug_info    0x000000000002750e      0xb37 build/AWS_IOT/production/mcc_generated_files/src/adc0.o
 .debug_info    0x0000000000028045      0xb10 build/AWS_IOT/production/mcc_generated_files/src/usart2.o
 .debug_info    0x0000000000028b55      0xdab build/AWS_IOT/production/mcc_generated_files/winc/driver/winc_spi.o
 .debug_info    0x0000000000029900      0xb68 build/AWS_IOT/production/mcc_generated_files/winc/driver/winc_adapter.o
 .debug_info    0x000000000002a468      0xb6d build/AWS_IOT/production/mcc_generated_files/winc/driver/winc_hif.o
 .debug_info    0x000000000002afd5      0xdcb build/AWS_IOT/production/mcc_generated_files/winc/driver/winc_asic.o
 .debug_info    0x000000000002bda0      0x577 build/AWS_IOT/production/mcc_generated_files/winc/driver/winc_drv.o
 .debug_info    0x000000000002c317     0x1070 build/AWS_IOT/production/mcc_generated_files/winc/m2m/m2m_ssl.o
 .debug_info    0x000000000002d387     0x5a02 build/AWS_IOT/production/mcc_generated_files/winc/m2m/m2m_wifi.o
 .debug_info    0x0000000000032d89      0x680 build/AWS_IOT/production/mcc_generated_files/winc/m2m/m2m_fwinfo.o
 .debug_info    0x0000000000033409     0x2567 build/AWS_IOT/production/mcc_generated_files/winc/socket/socket.o
 .debug_info    0x0000000000035970     0x1588 build/AWS_IOT/production/mcc_generated_files/winc/spi_flash/spi_flash.o
 .debug_info    0x0000000000036ef8      0xbab build/AWS_IOT/production/mcc_generated_files/mcc.o
 .debug_info    0x0000000000037aa3      0x41f build/AWS_IOT/production/mcc_generated_files/delay.o
 .debug_info    0x0000000000037ec2      0x801 build/AWS_IOT/production/mcc_generated_files/device_config.o
 .debug_info    0x00000000000386c3     0x16cd build/AWS_IOT/production/mcc_generated_files/application_manager.o
 .debug_info    0x0000000000039d90      0x67f build/AWS_IOT/production/mcc_generated_files/debug_print.o
 .debug_info    0x000000000003a40f      0xa42 build/AWS_IOT/production/mcc_generated_files/led.o
 .debug_info    0x000000000003ae51      0x35c build/AWS_IOT/production/mcc_generated_files/sensors_handling.o
 .debug_info    0x000000000003b1ad      0x893 build/AWS_IOT/production/mcc_generated_files/time_service.o
 .debug_info    0x000000000003ba40      0xcc2 build/AWS_IOT/production/mcc_generated_files/CryptoAuthenticationLibrary/CryptoAuth_init.o
 .debug_info    0x000000000003c702      0x209 build/AWS_IOT/production/main.o

.debug_abbrev   0x0000000000000000     0x8f60
 *(.debug_abbrev)
 .debug_abbrev  0x0000000000000000     0x20c2 /Applications/microchip/mplabx/v5.30/packs/Microchip/ATmega_DFP/2.0.12/gcc/dev/atmega4808/avrxmega3/crtatmega4808.o
 .debug_abbrev  0x00000000000020c2      0x3f7 build/AWS_IOT/production/mcc_generated_files/cli/cli.o
 .debug_abbrev  0x00000000000024b9      0x2bd build/AWS_IOT/production/mcc_generated_files/cloud/crypto_client/crypto_client.o
 .debug_abbrev  0x0000000000002776      0x3ee build/AWS_IOT/production/mcc_generated_files/cloud/cloud_service.o
 .debug_abbrev  0x0000000000002b64      0x2e3 build/AWS_IOT/production/mcc_generated_files/cloud/wifi_service.o
 .debug_abbrev  0x0000000000002e47      0x297 build/AWS_IOT/production/mcc_generated_files/cloud/mqtt_service.o
 .debug_abbrev  0x00000000000030de      0x238 build/AWS_IOT/production/mcc_generated_files/cloud/aws_cloud_service.o
 .debug_abbrev  0x0000000000003316       0x5c build/AWS_IOT/production/mcc_generated_files/credentials_storage/credentials_storage.o
 .debug_abbrev  0x0000000000003372      0x21b build/AWS_IOT/production/mcc_generated_files/CryptoAuthenticationLibrary/basic/atca_basic.o
 .debug_abbrev  0x000000000000358d      0x1dc build/AWS_IOT/production/mcc_generated_files/CryptoAuthenticationLibrary/basic/atca_basic_ecdh.o
 .debug_abbrev  0x0000000000003769      0x17c build/AWS_IOT/production/mcc_generated_files/CryptoAuthenticationLibrary/basic/atca_basic_genkey.o
 .debug_abbrev  0x00000000000038e5      0x179 build/AWS_IOT/production/mcc_generated_files/CryptoAuthenticationLibrary/basic/atca_basic_lock.o
 .debug_abbrev  0x0000000000003a5e      0x180 build/AWS_IOT/production/mcc_generated_files/CryptoAuthenticationLibrary/basic/atca_basic_nonce.o
 .debug_abbrev  0x0000000000003bde      0x158 build/AWS_IOT/production/mcc_generated_files/CryptoAuthenticationLibrary/basic/atca_basic_random.o
 .debug_abbrev  0x0000000000003d36      0x2e2 build/AWS_IOT/production/mcc_generated_files/CryptoAuthenticationLibrary/basic/atca_basic_read.o
 .debug_abbrev  0x0000000000004018      0x1aa build/AWS_IOT/production/mcc_generated_files/CryptoAuthenticationLibrary/basic/atca_basic_sign.o
 .debug_abbrev  0x00000000000041c2      0x23d build/AWS_IOT/production/mcc_generated_files/CryptoAuthenticationLibrary/basic/atca_basic_verify.o
 .debug_abbrev  0x00000000000043ff      0x18d build/AWS_IOT/production/mcc_generated_files/CryptoAuthenticationLibrary/hal/atca_hal.o
 .debug_abbrev  0x000000000000458c      0x190 build/AWS_IOT/production/mcc_generated_files/CryptoAuthenticationLibrary/hal/atca_i2c_hal.o
 .debug_abbrev  0x000000000000471c      0x10d build/AWS_IOT/production/mcc_generated_files/CryptoAuthenticationLibrary/hal/hal_i2c_timer.o
 .debug_abbrev  0x0000000000004829      0x1b7 build/AWS_IOT/production/mcc_generated_files/CryptoAuthenticationLibrary/atca_command.o
 .debug_abbrev  0x00000000000049e0      0x136 build/AWS_IOT/production/mcc_generated_files/CryptoAuthenticationLibrary/atca_device.o
 .debug_abbrev  0x0000000000004b16      0x1b5 build/AWS_IOT/production/mcc_generated_files/CryptoAuthenticationLibrary/atca_execution.o
 .debug_abbrev  0x0000000000004ccb      0x1e7 build/AWS_IOT/production/mcc_generated_files/CryptoAuthenticationLibrary/atca_iface.o
 .debug_abbrev  0x0000000000004eb2      0x126 build/AWS_IOT/production/mcc_generated_files/drivers/spi_master.o
 .debug_abbrev  0x0000000000004fd8      0x32d build/AWS_IOT/production/mcc_generated_files/drivers/timeout.o
 .debug_abbrev  0x0000000000005305      0x14e build/AWS_IOT/production/mcc_generated_files/drivers/i2c_simple_master.o
 .debug_abbrev  0x0000000000005453      0x15c build/AWS_IOT/production/mcc_generated_files/mqtt/mqtt_comm_bsd/mqtt_comm_layer.o
 .debug_abbrev  0x00000000000055af      0x363 build/AWS_IOT/production/mcc_generated_files/mqtt/mqtt_core/mqtt_core.o
 .debug_abbrev  0x0000000000005912       0xdf build/AWS_IOT/production/mcc_generated_files/mqtt/mqtt_exchange_buffer/mqtt_exchange_buffer.o
 .debug_abbrev  0x00000000000059f1       0x9b build/AWS_IOT/production/mcc_generated_files/mqtt/mqtt_packetTransfer_interface.o
 .debug_abbrev  0x0000000000005a8c      0x344 build/AWS_IOT/production/mcc_generated_files/mqtt/mqtt_winc_adapter.o
 .debug_abbrev  0x0000000000005dd0      0x1b6 build/AWS_IOT/production/mcc_generated_files/src/pin_manager.o
 .debug_abbrev  0x0000000000005f86       0xfa build/AWS_IOT/production/mcc_generated_files/src/cpuint.o
 .debug_abbrev  0x0000000000006080      0x1c4 build/AWS_IOT/production/mcc_generated_files/src/spi0.o
 .debug_abbrev  0x0000000000006244       0x14 build/AWS_IOT/production/mcc_generated_files/src/protected_io.o
 .debug_abbrev  0x0000000000006258      0x152 build/AWS_IOT/production/mcc_generated_files/src/rtc.o
 .debug_abbrev  0x00000000000063aa      0x383 build/AWS_IOT/production/mcc_generated_files/src/twi0_master.o
 .debug_abbrev  0x000000000000672d      0x23a build/AWS_IOT/production/mcc_generated_files/src/adc0.o
 .debug_abbrev  0x0000000000006967      0x2df build/AWS_IOT/production/mcc_generated_files/src/usart2.o
 .debug_abbrev  0x0000000000006c46      0x272 build/AWS_IOT/production/mcc_generated_files/winc/driver/winc_spi.o
 .debug_abbrev  0x0000000000006eb8      0x1fe build/AWS_IOT/production/mcc_generated_files/winc/driver/winc_adapter.o
 .debug_abbrev  0x00000000000070b6      0x1da build/AWS_IOT/production/mcc_generated_files/winc/driver/winc_hif.o
 .debug_abbrev  0x0000000000007290      0x18f build/AWS_IOT/production/mcc_generated_files/winc/driver/winc_asic.o
 .debug_abbrev  0x000000000000741f       0xac build/AWS_IOT/production/mcc_generated_files/winc/driver/winc_drv.o
 .debug_abbrev  0x00000000000074cb      0x24b build/AWS_IOT/production/mcc_generated_files/winc/m2m/m2m_ssl.o
 .debug_abbrev  0x0000000000007716      0x342 build/AWS_IOT/production/mcc_generated_files/winc/m2m/m2m_wifi.o
 .debug_abbrev  0x0000000000007a58      0x141 build/AWS_IOT/production/mcc_generated_files/winc/m2m/m2m_fwinfo.o
 .debug_abbrev  0x0000000000007b99      0x344 build/AWS_IOT/production/mcc_generated_files/winc/socket/socket.o
 .debug_abbrev  0x0000000000007edd      0x1d1 build/AWS_IOT/production/mcc_generated_files/winc/spi_flash/spi_flash.o
 .debug_abbrev  0x00000000000080ae      0x169 build/AWS_IOT/production/mcc_generated_files/mcc.o
 .debug_abbrev  0x0000000000008217      0x11e build/AWS_IOT/production/mcc_generated_files/delay.o
 .debug_abbrev  0x0000000000008335       0x85 build/AWS_IOT/production/mcc_generated_files/device_config.o
 .debug_abbrev  0x00000000000083ba      0x3fb build/AWS_IOT/production/mcc_generated_files/application_manager.o
 .debug_abbrev  0x00000000000087b5      0x180 build/AWS_IOT/production/mcc_generated_files/debug_print.o
 .debug_abbrev  0x0000000000008935      0x21b build/AWS_IOT/production/mcc_generated_files/led.o
 .debug_abbrev  0x0000000000008b50       0x82 build/AWS_IOT/production/mcc_generated_files/sensors_handling.o
 .debug_abbrev  0x0000000000008bd2      0x1f7 build/AWS_IOT/production/mcc_generated_files/time_service.o
 .debug_abbrev  0x0000000000008dc9      0x13a build/AWS_IOT/production/mcc_generated_files/CryptoAuthenticationLibrary/CryptoAuth_init.o
 .debug_abbrev  0x0000000000008f03       0x5d build/AWS_IOT/production/main.o

.debug_line     0x0000000000000000     0xf4a0
 *(.debug_line .debug_line.* .debug_line_end)
 .debug_line    0x0000000000000000      0x16f /Applications/microchip/mplabx/v5.30/packs/Microchip/ATmega_DFP/2.0.12/gcc/dev/atmega4808/avrxmega3/crtatmega4808.o
 .debug_line    0x000000000000016f      0x616 build/AWS_IOT/production/mcc_generated_files/cli/cli.o
 .debug_line    0x0000000000000785      0x55f build/AWS_IOT/production/mcc_generated_files/cloud/crypto_client/crypto_client.o
 .debug_line    0x0000000000000ce4      0x6bb build/AWS_IOT/production/mcc_generated_files/cloud/cloud_service.o
 .debug_line    0x000000000000139f      0x651 build/AWS_IOT/production/mcc_generated_files/cloud/wifi_service.o
 .debug_line    0x00000000000019f0      0x2f0 build/AWS_IOT/production/mcc_generated_files/cloud/mqtt_service.o
 .debug_line    0x0000000000001ce0      0x607 build/AWS_IOT/production/mcc_generated_files/cloud/aws_cloud_service.o
 .debug_line    0x00000000000022e7       0x7d build/AWS_IOT/production/mcc_generated_files/credentials_storage/credentials_storage.o
 .debug_line    0x0000000000002364      0x530 build/AWS_IOT/production/mcc_generated_files/CryptoAuthenticationLibrary/basic/atca_basic.o
 .debug_line    0x0000000000002894      0x372 build/AWS_IOT/production/mcc_generated_files/CryptoAuthenticationLibrary/basic/atca_basic_ecdh.o
 .debug_line    0x0000000000002c06      0x1e2 build/AWS_IOT/production/mcc_generated_files/CryptoAuthenticationLibrary/basic/atca_basic_genkey.o
 .debug_line    0x0000000000002de8      0x219 build/AWS_IOT/production/mcc_generated_files/CryptoAuthenticationLibrary/basic/atca_basic_lock.o
 .debug_line    0x0000000000003001      0x28c build/AWS_IOT/production/mcc_generated_files/CryptoAuthenticationLibrary/basic/atca_basic_nonce.o
 .debug_line    0x000000000000328d      0x19c build/AWS_IOT/production/mcc_generated_files/CryptoAuthenticationLibrary/basic/atca_basic_random.o
 .debug_line    0x0000000000003429      0x65d build/AWS_IOT/production/mcc_generated_files/CryptoAuthenticationLibrary/basic/atca_basic_read.o
 .debug_line    0x0000000000003a86      0x21c build/AWS_IOT/production/mcc_generated_files/CryptoAuthenticationLibrary/basic/atca_basic_sign.o
 .debug_line    0x0000000000003ca2      0x52e build/AWS_IOT/production/mcc_generated_files/CryptoAuthenticationLibrary/basic/atca_basic_verify.o
 .debug_line    0x00000000000041d0      0x1f9 build/AWS_IOT/production/mcc_generated_files/CryptoAuthenticationLibrary/hal/atca_hal.o
 .debug_line    0x00000000000043c9      0x34d build/AWS_IOT/production/mcc_generated_files/CryptoAuthenticationLibrary/hal/atca_i2c_hal.o
 .debug_line    0x0000000000004716      0x13d build/AWS_IOT/production/mcc_generated_files/CryptoAuthenticationLibrary/hal/hal_i2c_timer.o
 .debug_line    0x0000000000004853      0x7d7 build/AWS_IOT/production/mcc_generated_files/CryptoAuthenticationLibrary/atca_command.o
 .debug_line    0x000000000000502a      0x19c build/AWS_IOT/production/mcc_generated_files/CryptoAuthenticationLibrary/atca_device.o
 .debug_line    0x00000000000051c6      0x289 build/AWS_IOT/production/mcc_generated_files/CryptoAuthenticationLibrary/atca_execution.o
 .debug_line    0x000000000000544f      0x2d6 build/AWS_IOT/production/mcc_generated_files/CryptoAuthenticationLibrary/atca_iface.o
 .debug_line    0x0000000000005725      0x155 build/AWS_IOT/production/mcc_generated_files/drivers/spi_master.o
 .debug_line    0x000000000000587a      0x6d4 build/AWS_IOT/production/mcc_generated_files/drivers/timeout.o
 .debug_line    0x0000000000005f4e      0x3a5 build/AWS_IOT/production/mcc_generated_files/drivers/i2c_simple_master.o
 .debug_line    0x00000000000062f3      0x279 build/AWS_IOT/production/mcc_generated_files/mqtt/mqtt_comm_bsd/mqtt_comm_layer.o
 .debug_line    0x000000000000656c      0xb77 build/AWS_IOT/production/mcc_generated_files/mqtt/mqtt_core/mqtt_core.o
 .debug_line    0x00000000000070e3      0x1ed build/AWS_IOT/production/mcc_generated_files/mqtt/mqtt_exchange_buffer/mqtt_exchange_buffer.o
 .debug_line    0x00000000000072d0       0xe3 build/AWS_IOT/production/mcc_generated_files/mqtt/mqtt_packetTransfer_interface.o
 .debug_line    0x00000000000073b3      0x9ba build/AWS_IOT/production/mcc_generated_files/mqtt/mqtt_winc_adapter.o
 .debug_line    0x0000000000007d6d      0x66c build/AWS_IOT/production/mcc_generated_files/src/pin_manager.o
 .debug_line    0x00000000000083d9      0x17a build/AWS_IOT/production/mcc_generated_files/src/cpuint.o
 .debug_line    0x0000000000008553      0x398 build/AWS_IOT/production/mcc_generated_files/src/spi0.o
 .debug_line    0x00000000000088eb       0x66 build/AWS_IOT/production/mcc_generated_files/src/protected_io.o
 .debug_line    0x0000000000008951      0x34b build/AWS_IOT/production/mcc_generated_files/src/rtc.o
 .debug_line    0x0000000000008c9c      0xafe build/AWS_IOT/production/mcc_generated_files/src/twi0_master.o
 .debug_line    0x000000000000979a      0x350 build/AWS_IOT/production/mcc_generated_files/src/adc0.o
 .debug_line    0x0000000000009aea      0x43d build/AWS_IOT/production/mcc_generated_files/src/usart2.o
 .debug_line    0x0000000000009f27      0x5e9 build/AWS_IOT/production/mcc_generated_files/winc/driver/winc_spi.o
 .debug_line    0x000000000000a510      0x40d build/AWS_IOT/production/mcc_generated_files/winc/driver/winc_adapter.o
 .debug_line    0x000000000000a91d      0x3b5 build/AWS_IOT/production/mcc_generated_files/winc/driver/winc_hif.o
 .debug_line    0x000000000000acd2      0x3aa build/AWS_IOT/production/mcc_generated_files/winc/driver/winc_asic.o
 .debug_line    0x000000000000b07c      0x1dd build/AWS_IOT/production/mcc_generated_files/winc/driver/winc_drv.o
 .debug_line    0x000000000000b259      0x468 build/AWS_IOT/production/mcc_generated_files/winc/m2m/m2m_ssl.o
 .debug_line    0x000000000000b6c1     0x1241 build/AWS_IOT/production/mcc_generated_files/winc/m2m/m2m_wifi.o
 .debug_line    0x000000000000c902      0x1ee build/AWS_IOT/production/mcc_generated_files/winc/m2m/m2m_fwinfo.o
 .debug_line    0x000000000000caf0      0xe51 build/AWS_IOT/production/mcc_generated_files/winc/socket/socket.o
 .debug_line    0x000000000000d941      0x514 build/AWS_IOT/production/mcc_generated_files/winc/spi_flash/spi_flash.o
 .debug_line    0x000000000000de55      0x32a build/AWS_IOT/production/mcc_generated_files/mcc.o
 .debug_line    0x000000000000e17f      0x127 build/AWS_IOT/production/mcc_generated_files/delay.o
 .debug_line    0x000000000000e2a6       0xdf build/AWS_IOT/production/mcc_generated_files/device_config.o
 .debug_line    0x000000000000e385      0x6dc build/AWS_IOT/production/mcc_generated_files/application_manager.o
 .debug_line    0x000000000000ea61      0x170 build/AWS_IOT/production/mcc_generated_files/debug_print.o
 .debug_line    0x000000000000ebd1      0x394 build/AWS_IOT/production/mcc_generated_files/led.o
 .debug_line    0x000000000000ef65      0x12b build/AWS_IOT/production/mcc_generated_files/sensors_handling.o
 .debug_line    0x000000000000f090      0x231 build/AWS_IOT/production/mcc_generated_files/time_service.o
 .debug_line    0x000000000000f2c1      0x16e build/AWS_IOT/production/mcc_generated_files/CryptoAuthenticationLibrary/CryptoAuth_init.o
 .debug_line    0x000000000000f42f       0x71 build/AWS_IOT/production/main.o

.debug_frame    0x0000000000000000     0x5118
 *(.debug_frame)
 .debug_frame   0x0000000000000000      0x17c build/AWS_IOT/production/mcc_generated_files/cli/cli.o
 .debug_frame   0x000000000000017c      0x1f8 build/AWS_IOT/production/mcc_generated_files/cloud/crypto_client/crypto_client.o
 .debug_frame   0x0000000000000374      0x2c4 build/AWS_IOT/production/mcc_generated_files/cloud/cloud_service.o
 .debug_frame   0x0000000000000638      0x254 build/AWS_IOT/production/mcc_generated_files/cloud/wifi_service.o
 .debug_frame   0x000000000000088c       0xf0 build/AWS_IOT/production/mcc_generated_files/cloud/mqtt_service.o
 .debug_frame   0x000000000000097c      0x13c build/AWS_IOT/production/mcc_generated_files/cloud/aws_cloud_service.o
 .debug_frame   0x0000000000000ab8       0x24 build/AWS_IOT/production/mcc_generated_files/credentials_storage/credentials_storage.o
 .debug_frame   0x0000000000000adc      0x158 build/AWS_IOT/production/mcc_generated_files/CryptoAuthenticationLibrary/basic/atca_basic.o
 .debug_frame   0x0000000000000c34      0x170 build/AWS_IOT/production/mcc_generated_files/CryptoAuthenticationLibrary/basic/atca_basic_ecdh.o
 .debug_frame   0x0000000000000da4       0x64 build/AWS_IOT/production/mcc_generated_files/CryptoAuthenticationLibrary/basic/atca_basic_genkey.o
 .debug_frame   0x0000000000000e08       0x88 build/AWS_IOT/production/mcc_generated_files/CryptoAuthenticationLibrary/basic/atca_basic_lock.o
 .debug_frame   0x0000000000000e90       0x9c build/AWS_IOT/production/mcc_generated_files/CryptoAuthenticationLibrary/basic/atca_basic_nonce.o
 .debug_frame   0x0000000000000f2c       0x40 build/AWS_IOT/production/mcc_generated_files/CryptoAuthenticationLibrary/basic/atca_basic_random.o
 .debug_frame   0x0000000000000f6c      0x2c0 build/AWS_IOT/production/mcc_generated_files/CryptoAuthenticationLibrary/basic/atca_basic_read.o
 .debug_frame   0x000000000000122c       0x84 build/AWS_IOT/production/mcc_generated_files/CryptoAuthenticationLibrary/basic/atca_basic_sign.o
 .debug_frame   0x00000000000012b0      0x218 build/AWS_IOT/production/mcc_generated_files/CryptoAuthenticationLibrary/basic/atca_basic_verify.o
 .debug_frame   0x00000000000014c8       0x60 build/AWS_IOT/production/mcc_generated_files/CryptoAuthenticationLibrary/hal/atca_hal.o
 .debug_frame   0x0000000000001528      0x110 build/AWS_IOT/production/mcc_generated_files/CryptoAuthenticationLibrary/hal/atca_i2c_hal.o
 .debug_frame   0x0000000000001638       0x34 build/AWS_IOT/production/mcc_generated_files/CryptoAuthenticationLibrary/hal/hal_i2c_timer.o
 .debug_frame   0x000000000000166c      0x254 build/AWS_IOT/production/mcc_generated_files/CryptoAuthenticationLibrary/atca_command.o
 .debug_frame   0x00000000000018c0       0x68 build/AWS_IOT/production/mcc_generated_files/CryptoAuthenticationLibrary/atca_device.o
 .debug_frame   0x0000000000001928       0x74 build/AWS_IOT/production/mcc_generated_files/CryptoAuthenticationLibrary/atca_execution.o
 .debug_frame   0x000000000000199c      0x110 build/AWS_IOT/production/mcc_generated_files/CryptoAuthenticationLibrary/atca_iface.o
 .debug_frame   0x0000000000001aac       0x34 build/AWS_IOT/production/mcc_generated_files/drivers/spi_master.o
 .debug_frame   0x0000000000001ae0      0x2c4 build/AWS_IOT/production/mcc_generated_files/drivers/timeout.o
 .debug_frame   0x0000000000001da4      0x18c build/AWS_IOT/production/mcc_generated_files/drivers/i2c_simple_master.o
 .debug_frame   0x0000000000001f30       0x90 build/AWS_IOT/production/mcc_generated_files/mqtt/mqtt_comm_bsd/mqtt_comm_layer.o
 .debug_frame   0x0000000000001fc0      0x230 build/AWS_IOT/production/mcc_generated_files/mqtt/mqtt_core/mqtt_core.o
 .debug_frame   0x00000000000021f0       0xb4 build/AWS_IOT/production/mcc_generated_files/mqtt/mqtt_exchange_buffer/mqtt_exchange_buffer.o
 .debug_frame   0x00000000000022a4       0x34 build/AWS_IOT/production/mcc_generated_files/mqtt/mqtt_packetTransfer_interface.o
 .debug_frame   0x00000000000022d8      0x35c build/AWS_IOT/production/mcc_generated_files/mqtt/mqtt_winc_adapter.o
 .debug_frame   0x0000000000002634      0x300 build/AWS_IOT/production/mcc_generated_files/src/pin_manager.o
 .debug_frame   0x0000000000002934       0x24 build/AWS_IOT/production/mcc_generated_files/src/cpuint.o
 .debug_frame   0x0000000000002958      0x114 build/AWS_IOT/production/mcc_generated_files/src/spi0.o
 .debug_frame   0x0000000000002a6c      0x1b4 build/AWS_IOT/production/mcc_generated_files/src/rtc.o
 .debug_frame   0x0000000000002c20      0x400 build/AWS_IOT/production/mcc_generated_files/src/twi0_master.o
 .debug_frame   0x0000000000003020      0x18c build/AWS_IOT/production/mcc_generated_files/src/adc0.o
 .debug_frame   0x00000000000031ac      0x210 build/AWS_IOT/production/mcc_generated_files/src/usart2.o
 .debug_frame   0x00000000000033bc      0x2b4 build/AWS_IOT/production/mcc_generated_files/winc/driver/winc_spi.o
 .debug_frame   0x0000000000003670      0x170 build/AWS_IOT/production/mcc_generated_files/winc/driver/winc_adapter.o
 .debug_frame   0x00000000000037e0      0x174 build/AWS_IOT/production/mcc_generated_files/winc/driver/winc_hif.o
 .debug_frame   0x0000000000003954      0x1a0 build/AWS_IOT/production/mcc_generated_files/winc/driver/winc_asic.o
 .debug_frame   0x0000000000003af4       0x58 build/AWS_IOT/production/mcc_generated_files/winc/driver/winc_drv.o
 .debug_frame   0x0000000000003b4c      0x190 build/AWS_IOT/production/mcc_generated_files/winc/m2m/m2m_ssl.o
 .debug_frame   0x0000000000003cdc      0x898 build/AWS_IOT/production/mcc_generated_files/winc/m2m/m2m_wifi.o
 .debug_frame   0x0000000000004574       0x54 build/AWS_IOT/production/mcc_generated_files/winc/m2m/m2m_fwinfo.o
 .debug_frame   0x00000000000045c8      0x368 build/AWS_IOT/production/mcc_generated_files/winc/socket/socket.o
 .debug_frame   0x0000000000004930      0x26c build/AWS_IOT/production/mcc_generated_files/winc/spi_flash/spi_flash.o
 .debug_frame   0x0000000000004b9c       0x84 build/AWS_IOT/production/mcc_generated_files/mcc.o
 .debug_frame   0x0000000000004c20       0x34 build/AWS_IOT/production/mcc_generated_files/delay.o
 .debug_frame   0x0000000000004c54      0x270 build/AWS_IOT/production/mcc_generated_files/application_manager.o
 .debug_frame   0x0000000000004ec4       0x64 build/AWS_IOT/production/mcc_generated_files/debug_print.o
 .debug_frame   0x0000000000004f28       0x84 build/AWS_IOT/production/mcc_generated_files/led.o
 .debug_frame   0x0000000000004fac       0x40 build/AWS_IOT/production/mcc_generated_files/sensors_handling.o
 .debug_frame   0x0000000000004fec       0xe4 build/AWS_IOT/production/mcc_generated_files/time_service.o
 .debug_frame   0x00000000000050d0       0x24 build/AWS_IOT/production/mcc_generated_files/CryptoAuthenticationLibrary/CryptoAuth_init.o
 .debug_frame   0x00000000000050f4       0x24 build/AWS_IOT/production/main.o

.debug_str      0x0000000000000000     0x2dd7
 *(.debug_str)
 .debug_str     0x0000000000000000      0xecd /Applications/microchip/mplabx/v5.30/packs/Microchip/ATmega_DFP/2.0.12/gcc/dev/atmega4808/avrxmega3/crtatmega4808.o
 .debug_str     0x0000000000000ecd       0xe7 build/AWS_IOT/production/mcc_generated_files/cli/cli.o
 .debug_str     0x0000000000000fb4      0x153 build/AWS_IOT/production/mcc_generated_files/cloud/crypto_client/crypto_client.o
 .debug_str     0x0000000000001107      0x12f build/AWS_IOT/production/mcc_generated_files/cloud/cloud_service.o
 .debug_str     0x0000000000001236      0x169 build/AWS_IOT/production/mcc_generated_files/cloud/wifi_service.o
 .debug_str     0x000000000000139f       0xe7 build/AWS_IOT/production/mcc_generated_files/cloud/mqtt_service.o
 .debug_str     0x0000000000001486      0x1a2 build/AWS_IOT/production/mcc_generated_files/cloud/aws_cloud_service.o
 .debug_str     0x0000000000001628        0x0 build/AWS_IOT/production/mcc_generated_files/credentials_storage/credentials_storage.o
 .debug_str     0x0000000000001628       0x9d build/AWS_IOT/production/mcc_generated_files/CryptoAuthenticationLibrary/basic/atca_basic.o
 .debug_str     0x00000000000016c5       0x6d build/AWS_IOT/production/mcc_generated_files/CryptoAuthenticationLibrary/basic/atca_basic_ecdh.o
 .debug_str     0x0000000000001732       0x30 build/AWS_IOT/production/mcc_generated_files/CryptoAuthenticationLibrary/basic/atca_basic_genkey.o
 .debug_str     0x0000000000001762       0x21 build/AWS_IOT/production/mcc_generated_files/CryptoAuthenticationLibrary/basic/atca_basic_lock.o
 .debug_str     0x0000000000001783       0x25 build/AWS_IOT/production/mcc_generated_files/CryptoAuthenticationLibrary/basic/atca_basic_nonce.o
 .debug_str     0x00000000000017a8       0x1e build/AWS_IOT/production/mcc_generated_files/CryptoAuthenticationLibrary/basic/atca_basic_random.o
 .debug_str     0x00000000000017c6       0xc6 build/AWS_IOT/production/mcc_generated_files/CryptoAuthenticationLibrary/basic/atca_basic_read.o
 .debug_str     0x000000000000188c       0x4b build/AWS_IOT/production/mcc_generated_files/CryptoAuthenticationLibrary/basic/atca_basic_sign.o
 .debug_str     0x00000000000018d7       0xb7 build/AWS_IOT/production/mcc_generated_files/CryptoAuthenticationLibrary/basic/atca_basic_verify.o
 .debug_str     0x000000000000198e       0x4f build/AWS_IOT/production/mcc_generated_files/CryptoAuthenticationLibrary/hal/atca_hal.o
 .debug_str     0x00000000000019dd       0x63 build/AWS_IOT/production/mcc_generated_files/CryptoAuthenticationLibrary/hal/atca_i2c_hal.o
 .debug_str     0x0000000000001a40       0x26 build/AWS_IOT/production/mcc_generated_files/CryptoAuthenticationLibrary/hal/hal_i2c_timer.o
 .debug_str     0x0000000000001a66       0x1a build/AWS_IOT/production/mcc_generated_files/CryptoAuthenticationLibrary/atca_command.o
 .debug_str     0x0000000000001a80       0x2f build/AWS_IOT/production/mcc_generated_files/CryptoAuthenticationLibrary/atca_device.o
 .debug_str     0x0000000000001aaf       0x5f build/AWS_IOT/production/mcc_generated_files/CryptoAuthenticationLibrary/atca_execution.o
 .debug_str     0x0000000000001b0e       0x7d build/AWS_IOT/production/mcc_generated_files/CryptoAuthenticationLibrary/atca_iface.o
 .debug_str     0x0000000000001b8b       0x17 build/AWS_IOT/production/mcc_generated_files/drivers/spi_master.o
 .debug_str     0x0000000000001ba2       0xaa build/AWS_IOT/production/mcc_generated_files/drivers/timeout.o
 .debug_str     0x0000000000001c4c       0x8b build/AWS_IOT/production/mcc_generated_files/drivers/i2c_simple_master.o
 .debug_str     0x0000000000001cd7       0x67 build/AWS_IOT/production/mcc_generated_files/mqtt/mqtt_comm_bsd/mqtt_comm_layer.o
 .debug_str     0x0000000000001d3e      0x14a build/AWS_IOT/production/mcc_generated_files/mqtt/mqtt_core/mqtt_core.o
 .debug_str     0x0000000000001e88        0xe build/AWS_IOT/production/mcc_generated_files/mqtt/mqtt_exchange_buffer/mqtt_exchange_buffer.o
 .debug_str     0x0000000000001e96        0x0 build/AWS_IOT/production/mcc_generated_files/mqtt/mqtt_packetTransfer_interface.o
 .debug_str     0x0000000000001e96       0x58 build/AWS_IOT/production/mcc_generated_files/mqtt/mqtt_winc_adapter.o
 .debug_str     0x0000000000001eee       0x60 build/AWS_IOT/production/mcc_generated_files/src/pin_manager.o
 .debug_str     0x0000000000001f4e       0x13 build/AWS_IOT/production/mcc_generated_files/src/cpuint.o
 .debug_str     0x0000000000001f61       0x17 build/AWS_IOT/production/mcc_generated_files/src/spi0.o
 .debug_str     0x0000000000001f78        0x9 build/AWS_IOT/production/mcc_generated_files/src/rtc.o
 .debug_str     0x0000000000001f81        0xf build/AWS_IOT/production/mcc_generated_files/src/twi0_master.o
 .debug_str     0x0000000000001f90        0x8 build/AWS_IOT/production/mcc_generated_files/src/adc0.o
 .debug_str     0x0000000000001f98        0x0 build/AWS_IOT/production/mcc_generated_files/src/usart2.o
 .debug_str     0x0000000000001f98       0x72 build/AWS_IOT/production/mcc_generated_files/winc/driver/winc_spi.o
 .debug_str     0x000000000000200a       0x3a build/AWS_IOT/production/mcc_generated_files/winc/driver/winc_adapter.o
 .debug_str     0x0000000000002044      0x123 build/AWS_IOT/production/mcc_generated_files/winc/driver/winc_hif.o
 .debug_str     0x0000000000002167       0xdf build/AWS_IOT/production/mcc_generated_files/winc/driver/winc_asic.o
 .debug_str     0x0000000000002246      0x129 build/AWS_IOT/production/mcc_generated_files/winc/driver/winc_drv.o
 .debug_str     0x000000000000236f       0x49 build/AWS_IOT/production/mcc_generated_files/winc/m2m/m2m_ssl.o
 .debug_str     0x00000000000023b8      0x428 build/AWS_IOT/production/mcc_generated_files/winc/m2m/m2m_wifi.o
 .debug_str     0x00000000000027e0       0x2f build/AWS_IOT/production/mcc_generated_files/winc/m2m/m2m_fwinfo.o
 .debug_str     0x000000000000280f      0x163 build/AWS_IOT/production/mcc_generated_files/winc/socket/socket.o
 .debug_str     0x0000000000002972       0xbd build/AWS_IOT/production/mcc_generated_files/winc/spi_flash/spi_flash.o
 .debug_str     0x0000000000002a2f      0x126 build/AWS_IOT/production/mcc_generated_files/mcc.o
 .debug_str     0x0000000000002b55       0x26 build/AWS_IOT/production/mcc_generated_files/delay.o
 .debug_str     0x0000000000002b7b        0x0 build/AWS_IOT/production/mcc_generated_files/device_config.o
 .debug_str     0x0000000000002b7b      0x192 build/AWS_IOT/production/mcc_generated_files/application_manager.o
 .debug_str     0x0000000000002d0d        0x0 build/AWS_IOT/production/mcc_generated_files/debug_print.o
 .debug_str     0x0000000000002d0d       0x2c build/AWS_IOT/production/mcc_generated_files/led.o
 .debug_str     0x0000000000002d39       0x29 build/AWS_IOT/production/mcc_generated_files/sensors_handling.o
 .debug_str     0x0000000000002d62       0x37 build/AWS_IOT/production/mcc_generated_files/time_service.o
 .debug_str     0x0000000000002d99       0x20 build/AWS_IOT/production/mcc_generated_files/CryptoAuthenticationLibrary/CryptoAuth_init.o
 .debug_str     0x0000000000002db9       0x1e build/AWS_IOT/production/main.o

.debug_loc      0x0000000000000000    0x10c74
 *(.debug_loc)
 .debug_loc     0x0000000000000000      0x3b0 build/AWS_IOT/production/mcc_generated_files/cli/cli.o
 .debug_loc     0x00000000000003b0      0x521 build/AWS_IOT/production/mcc_generated_files/cloud/crypto_client/crypto_client.o
 .debug_loc     0x00000000000008d1      0x20b build/AWS_IOT/production/mcc_generated_files/cloud/cloud_service.o
 .debug_loc     0x0000000000000adc      0x1e8 build/AWS_IOT/production/mcc_generated_files/cloud/wifi_service.o
 .debug_loc     0x0000000000000cc4      0x169 build/AWS_IOT/production/mcc_generated_files/cloud/mqtt_service.o
 .debug_loc     0x0000000000000e2d      0x2e4 build/AWS_IOT/production/mcc_generated_files/cloud/aws_cloud_service.o
 .debug_loc     0x0000000000001111      0x461 build/AWS_IOT/production/mcc_generated_files/CryptoAuthenticationLibrary/basic/atca_basic.o
 .debug_loc     0x0000000000001572      0x55c build/AWS_IOT/production/mcc_generated_files/CryptoAuthenticationLibrary/basic/atca_basic_ecdh.o
 .debug_loc     0x0000000000001ace      0x1d8 build/AWS_IOT/production/mcc_generated_files/CryptoAuthenticationLibrary/basic/atca_basic_genkey.o
 .debug_loc     0x0000000000001ca6      0x136 build/AWS_IOT/production/mcc_generated_files/CryptoAuthenticationLibrary/basic/atca_basic_lock.o
 .debug_loc     0x0000000000001ddc      0x447 build/AWS_IOT/production/mcc_generated_files/CryptoAuthenticationLibrary/basic/atca_basic_nonce.o
 .debug_loc     0x0000000000002223       0x79 build/AWS_IOT/production/mcc_generated_files/CryptoAuthenticationLibrary/basic/atca_basic_random.o
 .debug_loc     0x000000000000229c      0xee3 build/AWS_IOT/production/mcc_generated_files/CryptoAuthenticationLibrary/basic/atca_basic_read.o
 .debug_loc     0x000000000000317f      0x32d build/AWS_IOT/production/mcc_generated_files/CryptoAuthenticationLibrary/basic/atca_basic_sign.o
 .debug_loc     0x00000000000034ac      0xfdb build/AWS_IOT/production/mcc_generated_files/CryptoAuthenticationLibrary/basic/atca_basic_verify.o
 .debug_loc     0x0000000000004487      0x1a3 build/AWS_IOT/production/mcc_generated_files/CryptoAuthenticationLibrary/hal/atca_hal.o
 .debug_loc     0x000000000000462a      0x31b build/AWS_IOT/production/mcc_generated_files/CryptoAuthenticationLibrary/hal/atca_i2c_hal.o
 .debug_loc     0x0000000000004945       0xf2 build/AWS_IOT/production/mcc_generated_files/CryptoAuthenticationLibrary/hal/hal_i2c_timer.o
 .debug_loc     0x0000000000004a37      0xb39 build/AWS_IOT/production/mcc_generated_files/CryptoAuthenticationLibrary/atca_command.o
 .debug_loc     0x0000000000005570      0x19d build/AWS_IOT/production/mcc_generated_files/CryptoAuthenticationLibrary/atca_device.o
 .debug_loc     0x000000000000570d      0x239 build/AWS_IOT/production/mcc_generated_files/CryptoAuthenticationLibrary/atca_execution.o
 .debug_loc     0x0000000000005946      0x3f1 build/AWS_IOT/production/mcc_generated_files/CryptoAuthenticationLibrary/atca_iface.o
 .debug_loc     0x0000000000005d37       0x3a build/AWS_IOT/production/mcc_generated_files/drivers/spi_master.o
 .debug_loc     0x0000000000005d71      0x864 build/AWS_IOT/production/mcc_generated_files/drivers/timeout.o
 .debug_loc     0x00000000000065d5      0x512 build/AWS_IOT/production/mcc_generated_files/drivers/i2c_simple_master.o
 .debug_loc     0x0000000000006ae7      0x11e build/AWS_IOT/production/mcc_generated_files/mqtt/mqtt_comm_bsd/mqtt_comm_layer.o
 .debug_loc     0x0000000000006c05      0xacc build/AWS_IOT/production/mcc_generated_files/mqtt/mqtt_core/mqtt_core.o
 .debug_loc     0x00000000000076d1      0x30b build/AWS_IOT/production/mcc_generated_files/mqtt/mqtt_exchange_buffer/mqtt_exchange_buffer.o
 .debug_loc     0x00000000000079dc     0x178a build/AWS_IOT/production/mcc_generated_files/mqtt/mqtt_winc_adapter.o
 .debug_loc     0x0000000000009166       0x78 build/AWS_IOT/production/mcc_generated_files/src/pin_manager.o
 .debug_loc     0x00000000000091de       0x2a build/AWS_IOT/production/mcc_generated_files/src/cpuint.o
 .debug_loc     0x0000000000009208      0x27a build/AWS_IOT/production/mcc_generated_files/src/spi0.o
 .debug_loc     0x0000000000009482      0x507 build/AWS_IOT/production/mcc_generated_files/src/twi0_master.o
 .debug_loc     0x0000000000009989       0xa2 build/AWS_IOT/production/mcc_generated_files/src/adc0.o
 .debug_loc     0x0000000000009a2b      0x123 build/AWS_IOT/production/mcc_generated_files/src/usart2.o
 .debug_loc     0x0000000000009b4e      0x913 build/AWS_IOT/production/mcc_generated_files/winc/driver/winc_spi.o
 .debug_loc     0x000000000000a461      0x1d3 build/AWS_IOT/production/mcc_generated_files/winc/driver/winc_adapter.o
 .debug_loc     0x000000000000a634      0x404 build/AWS_IOT/production/mcc_generated_files/winc/driver/winc_hif.o
 .debug_loc     0x000000000000aa38      0x1ee build/AWS_IOT/production/mcc_generated_files/winc/driver/winc_asic.o
 .debug_loc     0x000000000000ac26       0x9a build/AWS_IOT/production/mcc_generated_files/winc/driver/winc_drv.o
 .debug_loc     0x000000000000acc0      0x7c1 build/AWS_IOT/production/mcc_generated_files/winc/m2m/m2m_ssl.o
 .debug_loc     0x000000000000b481     0x240e build/AWS_IOT/production/mcc_generated_files/winc/m2m/m2m_wifi.o
 .debug_loc     0x000000000000d88f      0x228 build/AWS_IOT/production/mcc_generated_files/winc/m2m/m2m_fwinfo.o
 .debug_loc     0x000000000000dab7     0x2173 build/AWS_IOT/production/mcc_generated_files/winc/socket/socket.o
 .debug_loc     0x000000000000fc2a      0x732 build/AWS_IOT/production/mcc_generated_files/winc/spi_flash/spi_flash.o
 .debug_loc     0x000000000001035c      0x172 build/AWS_IOT/production/mcc_generated_files/mcc.o
 .debug_loc     0x00000000000104ce      0x15e build/AWS_IOT/production/mcc_generated_files/delay.o
 .debug_loc     0x000000000001062c      0x1f2 build/AWS_IOT/production/mcc_generated_files/application_manager.o
 .debug_loc     0x000000000001081e       0xb8 build/AWS_IOT/production/mcc_generated_files/debug_print.o
 .debug_loc     0x00000000000108d6      0x1fe build/AWS_IOT/production/mcc_generated_files/led.o
 .debug_loc     0x0000000000010ad4       0x43 build/AWS_IOT/production/mcc_generated_files/sensors_handling.o
 .debug_loc     0x0000000000010b17      0x13f build/AWS_IOT/production/mcc_generated_files/time_service.o
 .debug_loc     0x0000000000010c56       0x1e build/AWS_IOT/production/mcc_generated_files/CryptoAuthenticationLibrary/CryptoAuth_init.o

.debug_macinfo
 *(.debug_macinfo)

.debug_weaknames
 *(.debug_weaknames)

.debug_funcnames
 *(.debug_funcnames)

.debug_typenames
 *(.debug_typenames)

.debug_varnames
 *(.debug_varnames)

.debug_pubtypes
 *(.debug_pubtypes)

.debug_ranges   0x0000000000000000     0x17d8
 *(.debug_ranges)
 .debug_ranges  0x0000000000000000       0x98 build/AWS_IOT/production/mcc_generated_files/cli/cli.o
 .debug_ranges  0x0000000000000098       0x60 build/AWS_IOT/production/mcc_generated_files/cloud/crypto_client/crypto_client.o
 .debug_ranges  0x00000000000000f8       0x90 build/AWS_IOT/production/mcc_generated_files/cloud/cloud_service.o
 .debug_ranges  0x0000000000000188       0x60 build/AWS_IOT/production/mcc_generated_files/cloud/wifi_service.o
 .debug_ranges  0x00000000000001e8       0x40 build/AWS_IOT/production/mcc_generated_files/cloud/mqtt_service.o
 .debug_ranges  0x0000000000000228       0x50 build/AWS_IOT/production/mcc_generated_files/cloud/aws_cloud_service.o
 .debug_ranges  0x0000000000000278       0x10 build/AWS_IOT/production/mcc_generated_files/credentials_storage/credentials_storage.o
 .debug_ranges  0x0000000000000288       0x70 build/AWS_IOT/production/mcc_generated_files/CryptoAuthenticationLibrary/basic/atca_basic.o
 .debug_ranges  0x00000000000002f8       0x38 build/AWS_IOT/production/mcc_generated_files/CryptoAuthenticationLibrary/basic/atca_basic_ecdh.o
 .debug_ranges  0x0000000000000330       0x20 build/AWS_IOT/production/mcc_generated_files/CryptoAuthenticationLibrary/basic/atca_basic_genkey.o
 .debug_ranges  0x0000000000000350       0x38 build/AWS_IOT/production/mcc_generated_files/CryptoAuthenticationLibrary/basic/atca_basic_lock.o
 .debug_ranges  0x0000000000000388       0x38 build/AWS_IOT/production/mcc_generated_files/CryptoAuthenticationLibrary/basic/atca_basic_nonce.o
 .debug_ranges  0x00000000000003c0       0x10 build/AWS_IOT/production/mcc_generated_files/CryptoAuthenticationLibrary/basic/atca_basic_random.o
 .debug_ranges  0x00000000000003d0       0x58 build/AWS_IOT/production/mcc_generated_files/CryptoAuthenticationLibrary/basic/atca_basic_read.o
 .debug_ranges  0x0000000000000428       0x20 build/AWS_IOT/production/mcc_generated_files/CryptoAuthenticationLibrary/basic/atca_basic_sign.o
 .debug_ranges  0x0000000000000448       0x48 build/AWS_IOT/production/mcc_generated_files/CryptoAuthenticationLibrary/basic/atca_basic_verify.o
 .debug_ranges  0x0000000000000490       0x20 build/AWS_IOT/production/mcc_generated_files/CryptoAuthenticationLibrary/hal/atca_hal.o
 .debug_ranges  0x00000000000004b0       0x58 build/AWS_IOT/production/mcc_generated_files/CryptoAuthenticationLibrary/hal/atca_i2c_hal.o
 .debug_ranges  0x0000000000000508       0x18 build/AWS_IOT/production/mcc_generated_files/CryptoAuthenticationLibrary/hal/hal_i2c_timer.o
 .debug_ranges  0x0000000000000520      0x100 build/AWS_IOT/production/mcc_generated_files/CryptoAuthenticationLibrary/atca_command.o
 .debug_ranges  0x0000000000000620       0x28 build/AWS_IOT/production/mcc_generated_files/CryptoAuthenticationLibrary/atca_device.o
 .debug_ranges  0x0000000000000648       0x18 build/AWS_IOT/production/mcc_generated_files/CryptoAuthenticationLibrary/atca_execution.o
 .debug_ranges  0x0000000000000660       0x60 build/AWS_IOT/production/mcc_generated_files/CryptoAuthenticationLibrary/atca_iface.o
 .debug_ranges  0x00000000000006c0       0x18 build/AWS_IOT/production/mcc_generated_files/drivers/spi_master.o
 .debug_ranges  0x00000000000006d8       0xd0 build/AWS_IOT/production/mcc_generated_files/drivers/timeout.o
 .debug_ranges  0x00000000000007a8       0x68 build/AWS_IOT/production/mcc_generated_files/drivers/i2c_simple_master.o
 .debug_ranges  0x0000000000000810       0x38 build/AWS_IOT/production/mcc_generated_files/mqtt/mqtt_comm_bsd/mqtt_comm_layer.o
 .debug_ranges  0x0000000000000848       0xb8 build/AWS_IOT/production/mcc_generated_files/mqtt/mqtt_core/mqtt_core.o
 .debug_ranges  0x0000000000000900       0x28 build/AWS_IOT/production/mcc_generated_files/mqtt/mqtt_exchange_buffer/mqtt_exchange_buffer.o
 .debug_ranges  0x0000000000000928       0x18 build/AWS_IOT/production/mcc_generated_files/mqtt/mqtt_packetTransfer_interface.o
 .debug_ranges  0x0000000000000940       0xe8 build/AWS_IOT/production/mcc_generated_files/mqtt/mqtt_winc_adapter.o
 .debug_ranges  0x0000000000000a28      0x150 build/AWS_IOT/production/mcc_generated_files/src/pin_manager.o
 .debug_ranges  0x0000000000000b78       0x10 build/AWS_IOT/production/mcc_generated_files/src/cpuint.o
 .debug_ranges  0x0000000000000b88       0x88 build/AWS_IOT/production/mcc_generated_files/src/spi0.o
 .debug_ranges  0x0000000000000c10       0x90 build/AWS_IOT/production/mcc_generated_files/src/rtc.o
 .debug_ranges  0x0000000000000ca0      0x1e8 build/AWS_IOT/production/mcc_generated_files/src/twi0_master.o
 .debug_ranges  0x0000000000000e88       0x98 build/AWS_IOT/production/mcc_generated_files/src/adc0.o
 .debug_ranges  0x0000000000000f20       0xb0 build/AWS_IOT/production/mcc_generated_files/src/usart2.o
 .debug_ranges  0x0000000000000fd0       0x88 build/AWS_IOT/production/mcc_generated_files/winc/driver/winc_spi.o
 .debug_ranges  0x0000000000001058       0x78 build/AWS_IOT/production/mcc_generated_files/winc/driver/winc_adapter.o
 .debug_ranges  0x00000000000010d0       0x58 build/AWS_IOT/production/mcc_generated_files/winc/driver/winc_hif.o
 .debug_ranges  0x0000000000001128       0x58 build/AWS_IOT/production/mcc_generated_files/winc/driver/winc_asic.o
 .debug_ranges  0x0000000000001180       0x20 build/AWS_IOT/production/mcc_generated_files/winc/driver/winc_drv.o
 .debug_ranges  0x00000000000011a0       0x70 build/AWS_IOT/production/mcc_generated_files/winc/m2m/m2m_ssl.o
 .debug_ranges  0x0000000000001210      0x298 build/AWS_IOT/production/mcc_generated_files/winc/m2m/m2m_wifi.o
 .debug_ranges  0x00000000000014a8       0x18 build/AWS_IOT/production/mcc_generated_files/winc/m2m/m2m_fwinfo.o
 .debug_ranges  0x00000000000014c0      0x118 build/AWS_IOT/production/mcc_generated_files/winc/socket/socket.o
 .debug_ranges  0x00000000000015d8       0x50 build/AWS_IOT/production/mcc_generated_files/winc/spi_flash/spi_flash.o
 .debug_ranges  0x0000000000001628       0x38 build/AWS_IOT/production/mcc_generated_files/mcc.o
 .debug_ranges  0x0000000000001660       0x18 build/AWS_IOT/production/mcc_generated_files/delay.o
 .debug_ranges  0x0000000000001678       0x60 build/AWS_IOT/production/mcc_generated_files/application_manager.o
 .debug_ranges  0x00000000000016d8       0x28 build/AWS_IOT/production/mcc_generated_files/debug_print.o
 .debug_ranges  0x0000000000001700       0x40 build/AWS_IOT/production/mcc_generated_files/led.o
 .debug_ranges  0x0000000000001740       0x18 build/AWS_IOT/production/mcc_generated_files/sensors_handling.o
 .debug_ranges  0x0000000000001758       0x60 build/AWS_IOT/production/mcc_generated_files/time_service.o
 .debug_ranges  0x00000000000017b8       0x10 build/AWS_IOT/production/mcc_generated_files/CryptoAuthenticationLibrary/CryptoAuth_init.o
 .debug_ranges  0x00000000000017c8       0x10 build/AWS_IOT/production/main.o

.debug_macro
 *(.debug_macro)
OUTPUT(dist/AWS_IOT/production/AVRIoT.X.production.elf elf32-avr)
LOAD linker stubs
LOAD data_init

.note.gnu.avr.deviceinfo
                0x0000000000000000       0x40
 .note.gnu.avr.deviceinfo
                0x0000000000000000       0x40 /Applications/microchip/mplabx/v5.30/packs/Microchip/ATmega_DFP/2.0.12/gcc/dev/atmega4808/avrxmega3/crtatmega4808.o

.bss.test.6405  0x00000000008032a1        0x1
 .bss.test.6405
                0x00000000008032a1        0x1 build/AWS_IOT/production/mcc_generated_files/cli/cli.o

.bss.ateccsn    0x0000000000803263        0x2
 .bss.ateccsn   0x0000000000803263        0x2 build/AWS_IOT/production/mcc_generated_files/cli/cli.o

.bss.commandTooLongFlag
                0x00000000008032a2        0x1
 .bss.commandTooLongFlag
                0x00000000008032a2        0x1 build/AWS_IOT/production/mcc_generated_files/cli/cli.o

.bss.index      0x00000000008032a3        0x1
 .bss.index     0x00000000008032a3        0x1 build/AWS_IOT/production/mcc_generated_files/cli/cli.o

.bss.command    0x0000000000802e85       0x64
 .bss.command   0x0000000000802e85       0x64 build/AWS_IOT/production/mcc_generated_files/cli/cli.o

.bss.g_ecdh_key_slot_index
                0x0000000000803233        0x4
 .bss.g_ecdh_key_slot_index
                0x0000000000803233        0x4 build/AWS_IOT/production/mcc_generated_files/cloud/crypto_client/crypto_client.o

.bss.subscriptionTopicCount.5634
                0x00000000008032a4        0x1
 .bss.subscriptionTopicCount.5634
                0x00000000008032a4        0x1 build/AWS_IOT/production/mcc_generated_files/cloud/cloud_service.o

.bss.wifiConnectionStateChangedCallback
                0x0000000000803265        0x2
 .bss.wifiConnectionStateChangedCallback
                0x0000000000803265        0x2 build/AWS_IOT/production/mcc_generated_files/cloud/wifi_service.o
                0x0000000000803265                wifiConnectionStateChangedCallback

.bss.responseFromProvisionConnect
                0x00000000008032a5        0x1
 .bss.responseFromProvisionConnect
                0x00000000008032a5        0x1 build/AWS_IOT/production/mcc_generated_files/cloud/wifi_service.o

.bss.publishRecvInfo
                0x0000000000803267        0x2
 .bss.publishRecvInfo
                0x0000000000803267        0x2 build/AWS_IOT/production/mcc_generated_files/cloud/mqtt_service.o

.bss._gDevice   0x0000000000803269        0x2
 .bss._gDevice  0x0000000000803269        0x2 build/AWS_IOT/production/mcc_generated_files/CryptoAuthenticationLibrary/basic/atca_basic.o
                0x0000000000803269                _gDevice

.bss.i2c_address
                0x00000000008032a6        0x1
 .bss.i2c_address
                0x00000000008032a6        0x1 build/AWS_IOT/production/mcc_generated_files/CryptoAuthenticationLibrary/hal/atca_i2c_hal.o
                0x00000000008032a6                i2c_address

.bss.isRunning  0x00000000008032a7        0x1
 .bss.isRunning
                0x00000000008032a7        0x1 build/AWS_IOT/production/mcc_generated_files/drivers/timeout.o
                0x00000000008032a7                isRunning
